<html>
<body>
<pre>
<h1>µVision Build Log</h1>
<h2>Tool Versions:</h2>
IDE-Version: ¦ÌVision V5.40.0.0
Copyright (C) 2024 ARM Ltd and ARM Germany GmbH. All rights reserved.
License Information: 8989 ZenQ, 89i, LIC=LSNXV-P0Y9I-30BNC-7HHLF-RI7FD-PJ5KN
 
Tool Versions:
Toolchain:       MDK-ARM Plus  Version: 5.40.0.3
Toolchain Path:  C:\Users\ZenQ\AppData\Local\Keil_v5\ARM\ARMCC\Bin
C Compiler:      Armcc.exe V5.06 update 6 (build 750)
Assembler:       Armasm.exe V5.06 update 6 (build 750)
Linker/Locator:  ArmLink.exe V5.06 update 6 (build 750)
Library Manager: ArmAr.exe V5.06 update 6 (build 750)
Hex Converter:   FromElf.exe V5.06 update 6 (build 750)
CPU DLL:         SARMCM3.DLL V5.40.0.3
Dialog DLL:      DCM.DLL V1.17.5.0
Target DLL:      STLink\ST-LINKIII-KEIL_SWO.dll V3.3.0.0
Dialog DLL:      TCM.DLL V1.56.4.0
 
<h2>Project:</h2>
E:\xFOC\MDK-ARM\xFOC.uvprojx
Project File Date:  08/22/2026

<h2>Output:</h2>
*** Using Compiler 'V5.06 update 6 (build 750)', folder: 'C:\Users\ZenQ\AppData\Local\Keil_v5\ARM\ARMCC\Bin'
Rebuild target 'xFOC'
assembling startup_stm32g431xx.s...
compiling stm32g4xx_ll_adc.c...
compiling stm32g4xx_it.c...
compiling stm32g4xx_hal_flash.c...
compiling tim.c...
compiling stm32g4xx_hal_rcc_ex.c...
compiling stm32g4xx_hal_gpio.c...
compiling stm32g4xx_hal_opamp_ex.c...
compiling Sguan_Filter.c...
compiling Sguan_FW.c...
compiling system_stm32g4xx.c...
compiling stm32g4xx_hal_msp.c...
compiling stm32g4xx_hal_pwr.c...
compiling adc.c...
compiling stm32g4xx_hal_dma_ex.c...
compiling stm32g4xx_hal_opamp.c...
compiling stm32g4xx_hal_uart_ex.c...
compiling Sguan_Ladrc.c...
compiling stm32g4xx_hal_flash_ex.c...
compiling stm32g4xx_hal_exti.c...
compiling gpio.c...
compiling stm32g4xx_hal_rcc.c...
compiling Sguan_math.c...
compiling stm32g4xx_hal_cortex.c...
compiling stm32g4xx_hal.c...
compiling usart.c...
compiling stm32g4xx_hal_adc_ex.c...
compiling stm32g4xx_hal_flash_ramfunc.c...
compiling stm32g4xx_hal_dma.c...
compiling stm32g4xx_hal_pwr_ex.c...
compiling opamp.c...
compiling dma.c...
compiling Sguan_MotorStatus.c...
compiling Sguan_PID.c...
compiling main.c...
compiling stm32g4xx_hal_tim_ex.c...
compiling Sguan_PLL.c...
compiling stm32g4xx_hal_uart.c...
compiling stm32g4xx_hal_adc.c...
compiling stm32g4xx_hal_tim.c...
compiling Key.c...
compiling vofa.c...
compiling Sguan_printf.c...
compiling SguanFOC.c...
linking...
Program Size: Code=29338 RO-data=786 RW-data=76 ZI-data=3620  
FromELF: creating hex file...
"xFOC\xFOC.axf" - 0 Error(s), 0 Warning(s).

<h2>Software Packages used:</h2>

Package Vendor: ARM
                https://www.keil.com/pack/ARM.CMSIS.6.1.0.pack
                ARM::CMSIS@6.1.0
                CMSIS (Common Microcontroller Software Interface Standard)
   * Component: CORE Version: 6.1.0

Package Vendor: Keil
                https://www.keil.com/pack/Keil.STM32G4xx_DFP.1.6.0.pack
                Keil::STM32G4xx_DFP@1.6.0
                STMicroelectronics STM32G4 Series Device Support, Drivers and Examples

<h2>Collection of Component include folders:</h2>
  ./RTE/_xFOC
  C:/Users/ZenQ/AppData/Local/Arm/Packs/ARM/CMSIS/6.1.0/CMSIS/Core/Include
  C:/Users/ZenQ/AppData/Local/Arm/Packs/Keil/STM32G4xx_DFP/1.6.0/Drivers/CMSIS/Device/ST/STM32G4xx/Include

<h2>Collection of Component Files used:</h2>

   * Component: ARM::CMSIS:CORE@6.1.0
      Include file:  CMSIS/Core/Include/tz_context.h
Build Time Elapsed:  00:00:07
</pre>
</body>
</html>
