Component: ARM Compiler 5.06 update 6 (build 750) Tool: armlink [4d35ed]

==============================================================================

Section Cross References

    startup_stm32g431xx.o(STACK) refers (Special) to heapauxi.o(.text) for __use_two_region_memory
    startup_stm32g431xx.o(HEAP) refers (Special) to heapauxi.o(.text) for __use_two_region_memory
    startup_stm32g431xx.o(RESET) refers (Special) to heapauxi.o(.text) for __use_two_region_memory
    startup_stm32g431xx.o(RESET) refers to startup_stm32g431xx.o(STACK) for __initial_sp
    startup_stm32g431xx.o(RESET) refers to startup_stm32g431xx.o(.text) for Reset_Handler
    startup_stm32g431xx.o(RESET) refers to stm32g4xx_it.o(i.NMI_Handler) for NMI_Handler
    startup_stm32g431xx.o(RESET) refers to stm32g4xx_it.o(i.HardFault_Handler) for HardFault_Handler
    startup_stm32g431xx.o(RESET) refers to stm32g4xx_it.o(i.MemManage_Handler) for MemManage_Handler
    startup_stm32g431xx.o(RESET) refers to stm32g4xx_it.o(i.BusFault_Handler) for BusFault_Handler
    startup_stm32g431xx.o(RESET) refers to stm32g4xx_it.o(i.UsageFault_Handler) for UsageFault_Handler
    startup_stm32g431xx.o(RESET) refers to stm32g4xx_it.o(i.SVC_Handler) for SVC_Handler
    startup_stm32g431xx.o(RESET) refers to stm32g4xx_it.o(i.DebugMon_Handler) for DebugMon_Handler
    startup_stm32g431xx.o(RESET) refers to stm32g4xx_it.o(i.PendSV_Handler) for PendSV_Handler
    startup_stm32g431xx.o(RESET) refers to stm32g4xx_it.o(i.SysTick_Handler) for SysTick_Handler
    startup_stm32g431xx.o(RESET) refers to stm32g4xx_it.o(i.DMA1_Channel1_IRQHandler) for DMA1_Channel1_IRQHandler
    startup_stm32g431xx.o(RESET) refers to stm32g4xx_it.o(i.ADC1_2_IRQHandler) for ADC1_2_IRQHandler
    startup_stm32g431xx.o(RESET) refers to stm32g4xx_it.o(i.TIM1_BRK_TIM15_IRQHandler) for TIM1_BRK_TIM15_IRQHandler
    startup_stm32g431xx.o(RESET) refers to stm32g4xx_it.o(i.TIM2_IRQHandler) for TIM2_IRQHandler
    startup_stm32g431xx.o(RESET) refers to stm32g4xx_it.o(i.USART2_IRQHandler) for USART2_IRQHandler
    startup_stm32g431xx.o(.text) refers (Special) to heapauxi.o(.text) for __use_two_region_memory
    startup_stm32g431xx.o(.text) refers to system_stm32g4xx.o(i.SystemInit) for SystemInit
    startup_stm32g431xx.o(.text) refers to __main.o(!!!main) for __main
    startup_stm32g431xx.o(.text) refers to startup_stm32g431xx.o(HEAP) for Heap_Mem
    startup_stm32g431xx.o(.text) refers to startup_stm32g431xx.o(STACK) for Stack_Mem
    main.o(i.HAL_ADCEx_InjectedConvCpltCallback) refers to sguanfoc.o(i.SguanFOC_High_Loop) for SguanFOC_High_Loop
    main.o(i.HAL_ADCEx_InjectedConvCpltCallback) refers to adc.o(.bss) for hadc2
    main.o(i.HAL_TIM_PeriodElapsedCallback) refers to sguanfoc.o(i.SguanFOC_Low_Loop) for SguanFOC_Low_Loop
    main.o(i.SystemClock_Config) refers to rt_memclr_w.o(.text) for __aeabi_memclr4
    main.o(i.SystemClock_Config) refers to stm32g4xx_hal_pwr_ex.o(i.HAL_PWREx_ControlVoltageScaling) for HAL_PWREx_ControlVoltageScaling
    main.o(i.SystemClock_Config) refers to stm32g4xx_hal_rcc.o(i.HAL_RCC_OscConfig) for HAL_RCC_OscConfig
    main.o(i.SystemClock_Config) refers to stm32g4xx_hal_rcc.o(i.HAL_RCC_ClockConfig) for HAL_RCC_ClockConfig
    main.o(i.main) refers to stm32g4xx_hal.o(i.HAL_Init) for HAL_Init
    main.o(i.main) refers to main.o(i.SystemClock_Config) for SystemClock_Config
    main.o(i.main) refers to gpio.o(i.MX_GPIO_Init) for MX_GPIO_Init
    main.o(i.main) refers to dma.o(i.MX_DMA_Init) for MX_DMA_Init
    main.o(i.main) refers to adc.o(i.MX_ADC1_Init) for MX_ADC1_Init
    main.o(i.main) refers to adc.o(i.MX_ADC2_Init) for MX_ADC2_Init
    main.o(i.main) refers to opamp.o(i.MX_OPAMP1_Init) for MX_OPAMP1_Init
    main.o(i.main) refers to opamp.o(i.MX_OPAMP2_Init) for MX_OPAMP2_Init
    main.o(i.main) refers to opamp.o(i.MX_OPAMP3_Init) for MX_OPAMP3_Init
    main.o(i.main) refers to tim.o(i.MX_TIM1_Init) for MX_TIM1_Init
    main.o(i.main) refers to tim.o(i.MX_TIM2_Init) for MX_TIM2_Init
    main.o(i.main) refers to tim.o(i.MX_TIM3_Init) for MX_TIM3_Init
    main.o(i.main) refers to usart.o(i.MX_USART2_UART_Init) for MX_USART2_UART_Init
    main.o(i.main) refers to vofa.o(i.VOFA_Init) for VOFA_Init
    main.o(i.main) refers to key.o(i.Key_ControlInit) for Key_ControlInit
    main.o(i.main) refers to key.o(i.Key_Task) for Key_Task
    main.o(i.main) refers to sguanfoc.o(i.SguanFOC_main_Loop) for SguanFOC_main_Loop
    main.o(i.main) refers to vofa.o(i.VOFA_Task) for VOFA_Task
    main.o(i.main) refers to sguanfoc.o(.bss) for Sguan
    gpio.o(i.MX_GPIO_Init) refers to rt_memclr_w.o(.text) for __aeabi_memclr4
    gpio.o(i.MX_GPIO_Init) refers to stm32g4xx_hal_gpio.o(i.HAL_GPIO_Init) for HAL_GPIO_Init
    adc.o(i.HAL_ADC_MspDeInit) refers to stm32g4xx_hal_gpio.o(i.HAL_GPIO_DeInit) for HAL_GPIO_DeInit
    adc.o(i.HAL_ADC_MspDeInit) refers to adc.o(.data) for .data
    adc.o(i.HAL_ADC_MspInit) refers to rt_memclr_w.o(.text) for __aeabi_memclr4
[...]
    x$fpl$dnaninf                            0x08007094   Section      156  dnaninf.o(x$fpl$dnaninf)
    $v0                                      0x08007094   Number         0  dnaninf.o(x$fpl$dnaninf)
    x$fpl$dretinf                            0x08007130   Section       12  dretinf.o(x$fpl$dretinf)
    $v0                                      0x08007130   Number         0  dretinf.o(x$fpl$dretinf)
    x$fpl$drleqf                             0x0800713c   Section      108  drleqf.o(x$fpl$drleqf)
    $v0                                      0x0800713c   Number         0  drleqf.o(x$fpl$drleqf)
    x$fpl$dsub                               0x080071a8   Section      468  daddsub_clz.o(x$fpl$dsub)
    $v0                                      0x080071a8   Number         0  daddsub_clz.o(x$fpl$dsub)
    _dsub1                                   0x080071b9   Thumb Code     0  daddsub_clz.o(x$fpl$dsub)
    x$fpl$f2d                                0x0800737c   Section       86  f2d.o(x$fpl$f2d)
    $v0                                      0x0800737c   Number         0  f2d.o(x$fpl$f2d)
    x$fpl$fnaninf                            0x080073d2   Section      140  fnaninf.o(x$fpl$fnaninf)
    $v0                                      0x080073d2   Number         0  fnaninf.o(x$fpl$fnaninf)
    x$fpl$fpinit                             0x0800745e   Section       10  fpinit.o(x$fpl$fpinit)
    $v0                                      0x0800745e   Number         0  fpinit.o(x$fpl$fpinit)
    x$fpl$fretinf                            0x08007468   Section       10  fretinf.o(x$fpl$fretinf)
    $v0                                      0x08007468   Number         0  fretinf.o(x$fpl$fretinf)
    .constdata                               0x08007472   Section       24  stm32g4xx_hal_uart.o(.constdata)
    x$fpl$usenofp                            0x08007472   Section        0  usenofp.o(x$fpl$usenofp)
    .constdata                               0x0800748a   Section       16  stm32g4xx_hal_uart_ex.o(.constdata)
    numerator                                0x0800748a   Data           8  stm32g4xx_hal_uart_ex.o(.constdata)
    denominator                              0x08007492   Data           8  stm32g4xx_hal_uart_ex.o(.constdata)
    .constdata                               0x0800749a   Section       16  system_stm32g4xx.o(.constdata)
    .constdata                               0x080074aa   Section        8  system_stm32g4xx.o(.constdata)
    .constdata                               0x080074b4   Section      104  sguan_math.o(.constdata)
    .constdata                               0x0800751c   Section       96  sguan_motorstatus.o(.constdata)
    status_handlers                          0x0800751c   Data          96  sguan_motorstatus.o(.constdata)
    .constdata                               0x0800757c   Section       16  sguanfoc.o(.constdata)
    Control_Tick                             0x0800757c   Data          16  sguanfoc.o(.constdata)
    .data                                    0x20000000   Section        4  adc.o(.data)
    HAL_RCC_ADC12_CLK_ENABLED                0x20000000   Data           4  adc.o(.data)
    .data                                    0x20000004   Section       12  stm32g4xx_hal.o(.data)
    .data                                    0x20000010   Section        4  system_stm32g4xx.o(.data)
    .data                                    0x20000014   Section       12  sguanfoc.o(.data)
    Control_Count                            0x20000014   Data           1  sguanfoc.o(.data)
    Control_Count                            0x20000015   Data           1  sguanfoc.o(.data)
    PWM_watchdog_counter                     0x20000016   Data           1  sguanfoc.o(.data)
    status                                   0x20000017   Data           1  sguanfoc.o(.data)
    count                                    0x20000018   Data           1  sguanfoc.o(.data)
    count                                    0x2000001c   Data           4  sguanfoc.o(.data)
    .data                                    0x20000020   Section       24  key.o(.data)
    key1                                     0x20000021   Data           3  key.o(.data)
    key2                                     0x20000024   Data           3  key.o(.data)
    key3                                     0x20000027   Data           3  key.o(.data)
    last_tick                                0x20000034   Data           4  key.o(.data)
    .data                                    0x20000038   Section       20  vofa.o(.data)
    vofa_tx_busy                             0x20000038   Data           1  vofa.o(.data)
    last_tick                                0x20000048   Data           4  vofa.o(.data)
    .bss                                     0x2000004c   Section      216  adc.o(.bss)
    .bss                                     0x20000124   Section      180  opamp.o(.bss)
    .bss                                     0x200001d8   Section      228  tim.o(.bss)
    .bss                                     0x200002bc   Section      244  usart.o(.bss)
    .bss                                     0x200003b0   Section     1080  sguanfoc.o(.bss)
    .bss                                     0x200007e8   Section       36  vofa.o(.bss)
    vofa_tx_buffer                           0x200007e8   Data          36  vofa.o(.bss)
    .bss                                     0x2000080c   Section       96  libspace.o(.bss)
    HEAP                                     0x20000870   Section      512  startup_stm32g431xx.o(HEAP)
    Heap_Mem                                 0x20000870   Data         512  startup_stm32g431xx.o(HEAP)
    STACK                                    0x20000a70   Section     1024  startup_stm32g431xx.o(STACK)
    Stack_Mem                                0x20000a70   Data        1024  startup_stm32g431xx.o(STACK)
    __initial_sp                             0x20000e70   Data           0  startup_stm32g431xx.o(STACK)

    Global Symbols

    Symbol Name                              Value     Ov Type        Size  Object(Section)

    BuildAttributes$$THM_ISAv4$E$P$D$K$B$S$7EM$VFPi3$EXTD16$VFPS$VFMA$PE$A:L22UL41UL21$X:L11$S22US41US21$IEEE1$IW$USESV6$~STKCKD$USESV7$~SHL$OSPACE$ROPI$EBA8$UX$STANDARDLIB$REQ8$PRES8$EABIv2 0x00000000   Number         0  anon$$obj.o ABSOLUTE
    __ARM_use_no_argv                        0x00000000   Number         0  main.o ABSOLUTE
    __ARM_exceptions_init                     - Undefined Weak Reference
    __alloca_initialize                       - Undefined Weak Reference
    __arm_preinit_                            - Undefined Weak Reference
    __cpp_initialize__aeabi_                  - Undefined Weak Reference
    __cxa_finalize                            - Undefined Weak Reference
    __rt_locale                               - Undefined Weak Reference
    __sigvec_lookup                           - Undefined Weak Reference
    _atexit_init                              - Undefined Weak Reference
    _call_atexit_fns                          - Undefined Weak Reference
    _clock_init                               - Undefined Weak Reference
    _fp_trap_init                             - Undefined Weak Reference
    _fp_trap_shutdown                         - Undefined Weak Reference
    _get_lc_collate                           - Undefined Weak Reference
    _get_lc_ctype                             - Undefined Weak Reference
    _get_lc_monetary                          - Undefined Weak Reference
    _get_lc_numeric                           - Undefined Weak Reference
    _get_lc_time                              - Undefined Weak Reference
    _getenv_init                              - Undefined Weak Reference
    _handle_redirection                       - Undefined Weak Reference
    _init_alloc                               - Undefined Weak Reference
    _init_user_alloc                          - Undefined Weak Reference
    _initio                                   - Undefined Weak Reference
    _rand_init                                - Undefined Weak Reference
    _signal_finish                            - Undefined Weak Reference
    _signal_init                              - Undefined Weak Reference
    _terminate_alloc                          - Undefined Weak Reference
    _terminate_user_alloc                     - Undefined Weak Reference
    _terminateio                              - Undefined Weak Reference
    __Vectors_Size                           0x000001d8   Number         0  startup_stm32g431xx.o ABSOLUTE
    __Vectors                                0x08000000   Data           4  startup_stm32g431xx.o(RESET)
    __Vectors_End                            0x080001d8   Data           0  startup_stm32g431xx.o(RESET)
    __main                                   0x080001d9   Thumb Code     8  __main.o(!!!main)
    __scatterload                            0x080001e1   Thumb Code     0  __scatter.o(!!!scatter)
    __scatterload_rt2                        0x080001e1   Thumb Code    44  __scatter.o(!!!scatter)
    __scatterload_rt2_thumb_only             0x080001e1   Thumb Code     0  __scatter.o(!!!scatter)
    __scatterload_null                       0x080001ef   Thumb Code     0  __scatter.o(!!!scatter)
    __scatterload_copy                       0x08000215   Thumb Code    26  __scatter_copy.o(!!handler_copy)
    __scatterload_zeroinit                   0x08000231   Thumb Code    28  __scatter_zi.o(!!handler_zi)
    __rt_lib_init                            0x0800024d   Thumb Code     0  libinit.o(.ARM.Collect$$libinit$$00000000)
    __rt_lib_init_fp_1                       0x0800024f   Thumb Code     0  libinit2.o(.ARM.Collect$$libinit$$00000001)
    __rt_lib_init_alloca_1                   0x08000253   Thumb Code     0  libinit2.o(.ARM.Collect$$libinit$$0000002E)
    __rt_lib_init_argv_1                     0x08000253   Thumb Code     0  libinit2.o(.ARM.Collect$$libinit$$0000002C)
    __rt_lib_init_atexit_1                   0x08000253   Thumb Code     0  libinit2.o(.ARM.Collect$$libinit$$0000001B)
    __rt_lib_init_clock_1                    0x08000253   Thumb Code     0  libinit2.o(.ARM.Collect$$libinit$$00000021)
    __rt_lib_init_cpp_1                      0x08000253   Thumb Code     0  libinit2.o(.ARM.Collect$$libinit$$00000032)
    __rt_lib_init_exceptions_1               0x08000253   Thumb Code     0  libinit2.o(.ARM.Collect$$libinit$$00000030)
    __rt_lib_init_fp_trap_1                  0x08000253   Thumb Code     0  libinit2.o(.ARM.Collect$$libinit$$0000001F)
    __rt_lib_init_getenv_1                   0x08000253   Thumb Code     0  libinit2.o(.ARM.Collect$$libinit$$00000023)
    __rt_lib_init_heap_1                     0x08000253   Thumb Code     0  libinit2.o(.ARM.Collect$$libinit$$0000000A)
    __rt_lib_init_lc_collate_1               0x08000253   Thumb Code     0  libinit2.o(.ARM.Collect$$libinit$$00000011)
    __rt_lib_init_lc_ctype_1                 0x08000253   Thumb Code     0  libinit2.o(.ARM.Collect$$libinit$$00000013)
    __rt_lib_init_lc_monetary_1              0x08000253   Thumb Code     0  libinit2.o(.ARM.Collect$$libinit$$00000015)
    __rt_lib_init_lc_numeric_1               0x08000253   Thumb Code     0  libinit2.o(.ARM.Collect$$libinit$$00000017)
    __rt_lib_init_lc_time_1                  0x08000253   Thumb Code     0  libinit2.o(.ARM.Collect$$libinit$$00000019)
    __rt_lib_init_preinit_1                  0x08000253   Thumb Code     0  libinit2.o(.ARM.Collect$$libinit$$00000004)
    __rt_lib_init_rand_1                     0x08000253   Thumb Code     0  libinit2.o(.ARM.Collect$$libinit$$0000000E)
    __rt_lib_init_return                     0x08000253   Thumb Code     0  libinit2.o(.ARM.Collect$$libinit$$00000033)
    __rt_lib_init_signal_1                   0x08000253   Thumb Code     0  libinit2.o(.ARM.Collect$$libinit$$0000001D)
    __rt_lib_init_stdio_1                    0x08000253   Thumb Code     0  libinit2.o(.ARM.Collect$$libinit$$00000025)
    __rt_lib_init_user_alloc_1               0x08000253   Thumb Code     0  libinit2.o(.ARM.Collect$$libinit$$0000000C)
    __rt_lib_shutdown                        0x08000255   Thumb Code     0  libshutdown.o(.ARM.Collect$$libshutdown$$00000000)
    __rt_lib_shutdown_cpp_1                  0x08000257   Thumb Code     0  libshutdown2.o(.ARM.Collect$$libshutdown$$00000002)
    __rt_lib_shutdown_fp_trap_1              0x08000257   Thumb Code     0  libshutdown2.o(.ARM.Collect$$libshutdown$$00000007)
    __rt_lib_shutdown_heap_1                 0x08000257   Thumb Code     0  libshutdown2.o(.ARM.Collect$$libshutdown$$0000000F)
    __rt_lib_shutdown_return                 0x08000257   Thumb Code     0  libshutdown2.o(.ARM.Collect$$libshutdown$$00000010)
    __rt_lib_shutdown_signal_1               0x08000257   Thumb Code     0  libshutdown2.o(.ARM.Collect$$libshutdown$$0000000A)
    __rt_lib_shutdown_stdio_1                0x08000257   Thumb Code     0  libshutdown2.o(.ARM.Collect$$libshutdown$$00000004)
    __rt_lib_shutdown_user_alloc_1           0x08000257   Thumb Code     0  libshutdown2.o(.ARM.Collect$$libshutdown$$0000000C)
    __rt_entry                               0x08000259   Thumb Code     0  __rtentry.o(.ARM.Collect$$rtentry$$00000000)
    __rt_entry_presh_1                       0x08000259   Thumb Code     0  __rtentry2.o(.ARM.Collect$$rtentry$$00000002)
    __rt_entry_sh                            0x08000259   Thumb Code     0  __rtentry4.o(.ARM.Collect$$rtentry$$00000004)
    __rt_entry_li                            0x0800025f   Thumb Code     0  __rtentry2.o(.ARM.Collect$$rtentry$$0000000A)
    __rt_entry_postsh_1                      0x0800025f   Thumb Code     0  __rtentry2.o(.ARM.Collect$$rtentry$$00000009)
    __rt_entry_main                          0x08000263   Thumb Code     0  __rtentry2.o(.ARM.Collect$$rtentry$$0000000D)
    __rt_entry_postli_1                      0x08000263   Thumb Code     0  __rtentry2.o(.ARM.Collect$$rtentry$$0000000C)
    __rt_exit                                0x0800026b   Thumb Code     0  rtexit.o(.ARM.Collect$$rtexit$$00000000)
    __rt_exit_ls                             0x0800026d   Thumb Code     0  rtexit2.o(.ARM.Collect$$rtexit$$00000003)
    __rt_exit_prels_1                        0x0800026d   Thumb Code     0  rtexit2.o(.ARM.Collect$$rtexit$$00000002)
    __rt_exit_exit                           0x08000271   Thumb Code     0  rtexit2.o(.ARM.Collect$$rtexit$$00000004)
    Reset_Handler                            0x08000279   Thumb Code     8  startup_stm32g431xx.o(.text)
    COMP1_2_3_IRQHandler                     0x08000293   Thumb Code     0  startup_stm32g431xx.o(.text)
    COMP4_IRQHandler                         0x08000293   Thumb Code     0  startup_stm32g431xx.o(.text)
    CORDIC_IRQHandler                        0x08000293   Thumb Code     0  startup_stm32g431xx.o(.text)
    CRS_IRQHandler                           0x08000293   Thumb Code     0  startup_stm32g431xx.o(.text)
    DMA1_Channel2_IRQHandler                 0x08000293   Thumb Code     0  startup_stm32g431xx.o(.text)
    DMA1_Channel3_IRQHandler                 0x08000293   Thumb Code     0  startup_stm32g431xx.o(.text)
    DMA1_Channel4_IRQHandler                 0x08000293   Thumb Code     0  startup_stm32g431xx.o(.text)
    DMA1_Channel5_IRQHandler                 0x08000293   Thumb Code     0  startup_stm32g431xx.o(.text)
    DMA1_Channel6_IRQHandler                 0x08000293   Thumb Code     0  startup_stm32g431xx.o(.text)
    DMA2_Channel1_IRQHandler                 0x08000293   Thumb Code     0  startup_stm32g431xx.o(.text)
    DMA2_Channel2_IRQHandler                 0x08000293   Thumb Code     0  startup_stm32g431xx.o(.text)
    DMA2_Channel3_IRQHandler                 0x08000293   Thumb Code     0  startup_stm32g431xx.o(.text)
    DMA2_Channel4_IRQHandler                 0x08000293   Thumb Code     0  startup_stm32g431xx.o(.text)
    DMA2_Channel5_IRQHandler                 0x08000293   Thumb Code     0  startup_stm32g431xx.o(.text)
    DMA2_Channel6_IRQHandler                 0x08000293   Thumb Code     0  startup_stm32g431xx.o(.text)
    DMAMUX_OVR_IRQHandler                    0x08000293   Thumb Code     0  startup_stm32g431xx.o(.text)
    EXTI0_IRQHandler                         0x08000293   Thumb Code     0  startup_stm32g431xx.o(.text)
    EXTI15_10_IRQHandler                     0x08000293   Thumb Code     0  startup_stm32g431xx.o(.text)
    EXTI1_IRQHandler                         0x08000293   Thumb Code     0  startup_stm32g431xx.o(.text)
    EXTI2_IRQHandler                         0x08000293   Thumb Code     0  startup_stm32g431xx.o(.text)
    EXTI3_IRQHandler                         0x08000293   Thumb Code     0  startup_stm32g431xx.o(.text)
    EXTI4_IRQHandler                         0x08000293   Thumb Code     0  startup_stm32g431xx.o(.text)
    EXTI9_5_IRQHandler                       0x08000293   Thumb Code     0  startup_stm32g431xx.o(.text)
    FDCAN1_IT0_IRQHandler                    0x08000293   Thumb Code     0  startup_stm32g431xx.o(.text)
    FDCAN1_IT1_IRQHandler                    0x08000293   Thumb Code     0  startup_stm32g431xx.o(.text)
    FLASH_IRQHandler                         0x08000293   Thumb Code     0  startup_stm32g431xx.o(.text)
    FMAC_IRQHandler                          0x08000293   Thumb Code     0  startup_stm32g431xx.o(.text)
    FPU_IRQHandler                           0x08000293   Thumb Code     0  startup_stm32g431xx.o(.text)
    I2C1_ER_IRQHandler                       0x08000293   Thumb Code     0  startup_stm32g431xx.o(.text)
    I2C1_EV_IRQHandler                       0x08000293   Thumb Code     0  startup_stm32g431xx.o(.text)
    I2C2_ER_IRQHandler                       0x08000293   Thumb Code     0  startup_stm32g431xx.o(.text)
    I2C2_EV_IRQHandler                       0x08000293   Thumb Code     0  startup_stm32g431xx.o(.text)
    I2C3_ER_IRQHandler                       0x08000293   Thumb Code     0  startup_stm32g431xx.o(.text)
    I2C3_EV_IRQHandler                       0x08000293   Thumb Code     0  startup_stm32g431xx.o(.text)
    LPTIM1_IRQHandler                        0x08000293   Thumb Code     0  startup_stm32g431xx.o(.text)
    LPUART1_IRQHandler                       0x08000293   Thumb Code     0  startup_stm32g431xx.o(.text)
    PVD_PVM_IRQHandler                       0x08000293   Thumb Code     0  startup_stm32g431xx.o(.text)
    RCC_IRQHandler                           0x08000293   Thumb Code     0  startup_stm32g431xx.o(.text)
    RNG_IRQHandler                           0x08000293   Thumb Code     0  startup_stm32g431xx.o(.text)
    RTC_Alarm_IRQHandler                     0x08000293   Thumb Code     0  startup_stm32g431xx.o(.text)
    RTC_TAMP_LSECSS_IRQHandler               0x08000293   Thumb Code     0  startup_stm32g431xx.o(.text)
    RTC_WKUP_IRQHandler                      0x08000293   Thumb Code     0  startup_stm32g431xx.o(.text)
    SAI1_IRQHandler                          0x08000293   Thumb Code     0  startup_stm32g431xx.o(.text)
    SPI1_IRQHandler                          0x08000293   Thumb Code     0  startup_stm32g431xx.o(.text)
    SPI2_IRQHandler                          0x08000293   Thumb Code     0  startup_stm32g431xx.o(.text)
    SPI3_IRQHandler                          0x08000293   Thumb Code     0  startup_stm32g431xx.o(.text)
    TIM1_CC_IRQHandler                       0x08000293   Thumb Code     0  startup_stm32g431xx.o(.text)
    TIM1_TRG_COM_TIM17_IRQHandler            0x08000293   Thumb Code     0  startup_stm32g431xx.o(.text)
    TIM1_UP_TIM16_IRQHandler                 0x08000293   Thumb Code     0  startup_stm32g431xx.o(.text)
    TIM3_IRQHandler                          0x08000293   Thumb Code     0  startup_stm32g431xx.o(.text)
    TIM4_IRQHandler                          0x08000293   Thumb Code     0  startup_stm32g431xx.o(.text)
    TIM6_DAC_IRQHandler                      0x08000293   Thumb Code     0  startup_stm32g431xx.o(.text)
    TIM7_IRQHandler                          0x08000293   Thumb Code     0  startup_stm32g431xx.o(.text)
    TIM8_BRK_IRQHandler                      0x08000293   Thumb Code     0  startup_stm32g431xx.o(.text)
    TIM8_CC_IRQHandler                       0x08000293   Thumb Code     0  startup_stm32g431xx.o(.text)
    TIM8_TRG_COM_IRQHandler                  0x08000293   Thumb Code     0  startup_stm32g431xx.o(.text)
    TIM8_UP_IRQHandler                       0x08000293   Thumb Code     0  startup_stm32g431xx.o(.text)
    UART4_IRQHandler                         0x08000293   Thumb Code     0  startup_stm32g431xx.o(.text)
    UCPD1_IRQHandler                         0x08000293   Thumb Code     0  startup_stm32g431xx.o(.text)
    USART1_IRQHandler                        0x08000293   Thumb Code     0  startup_stm32g431xx.o(.text)
    USART3_IRQHandler                        0x08000293   Thumb Code     0  startup_stm32g431xx.o(.text)
    USBWakeUp_IRQHandler                     0x08000293   Thumb Code     0  startup_stm32g431xx.o(.text)
    USB_HP_IRQHandler                        0x08000293   Thumb Code     0  startup_stm32g431xx.o(.text)
    USB_LP_IRQHandler                        0x08000293   Thumb Code     0  startup_stm32g431xx.o(.text)
    WWDG_IRQHandler                          0x08000293   Thumb Code     0  startup_stm32g431xx.o(.text)
    __user_initial_stackheap                 0x08000295   Thumb Code     0  startup_stm32g431xx.o(.text)
    __use_no_semihosting                     0x080002b9   Thumb Code     2  use_no_semi_2.o(.text)
    __aeabi_uldivmod                         0x080002bb   Thumb Code     0  lludivv7m.o(.text)
    _ll_udiv                                 0x080002bb   Thumb Code   238  lludivv7m.o(.text)
    __aeabi_memcpy                           0x080003a9   Thumb Code     0  rt_memcpy_v6.o(.text)
    __rt_memcpy                              0x080003a9   Thumb Code   138  rt_memcpy_v6.o(.text)
    _memcpy_lastbytes                        0x0800040f   Thumb Code     0  rt_memcpy_v6.o(.text)
    __aeabi_memcpy4                          0x08000433   Thumb Code     0  rt_memcpy_w.o(.text)
    __aeabi_memcpy8                          0x08000433   Thumb Code     0  rt_memcpy_w.o(.text)
    __rt_memcpy_w                            0x08000433   Thumb Code   100  rt_memcpy_w.o(.text)
    _memcpy_lastbytes_aligned                0x0800047b   Thumb Code     0  rt_memcpy_w.o(.text)
    __aeabi_memclr                           0x08000497   Thumb Code     0  rt_memclr.o(.text)
    __rt_memclr                              0x08000497   Thumb Code    68  rt_memclr.o(.text)
    _memset                                  0x0800049b   Thumb Code     0  rt_memclr.o(.text)
    __aeabi_memclr4                          0x080004db   Thumb Code     0  rt_memclr_w.o(.text)
    __aeabi_memclr8                          0x080004db   Thumb Code     0  rt_memclr_w.o(.text)
    __rt_memclr_w                            0x080004db   Thumb Code    78  rt_memclr_w.o(.text)
    _memset_w                                0x080004df   Thumb Code     0  rt_memclr_w.o(.text)
    __use_two_region_memory                  0x08000529   Thumb Code     2  heapauxi.o(.text)
    __rt_heap_escrow$2region                 0x0800052b   Thumb Code     2  heapauxi.o(.text)
    __rt_heap_expand$2region                 0x0800052d   Thumb Code     2  heapauxi.o(.text)
    __I$use$semihosting                      0x0800052f   Thumb Code     0  use_no_semi.o(.text)
    __use_no_semihosting_swi                 0x0800052f   Thumb Code     2  use_no_semi.o(.text)
    __user_setup_stackheap                   0x08000531   Thumb Code    74  sys_stackheap_outer.o(.text)
    exit                                     0x0800057b   Thumb Code    18  exit.o(.text)
    __user_libspace                          0x0800058d   Thumb Code     8  libspace.o(.text)
    __user_perproc_libspace                  0x0800058d   Thumb Code     0  libspace.o(.text)
    __user_perthread_libspace                0x0800058d   Thumb Code     0  libspace.o(.text)
    ADC1_2_IRQHandler                        0x08000595   Thumb Code    18  stm32g4xx_it.o(i.ADC1_2_IRQHandler)
    ADC_Disable                              0x080005b1   Thumb Code   106  stm32g4xx_hal_adc.o(i.ADC_Disable)
    ADC_Enable                               0x08000621   Thumb Code   154  stm32g4xx_hal_adc.o(i.ADC_Enable)
    BPF_Init                                 0x080006cd   Thumb Code   246  sguan_filter.o(i.BPF_Init)
    BPF_Loop                                 0x080007e9   Thumb Code   196  sguan_filter.o(i.BPF_Loop)
    BusFault_Handler                         0x080008b1   Thumb Code     2  stm32g4xx_it.o(i.BusFault_Handler)
    DMA1_Channel1_IRQHandler                 0x08000bd9   Thumb Code     6  stm32g4xx_it.o(i.DMA1_Channel1_IRQHandler)
    DebugMon_Handler                         0x08000c93   Thumb Code     2  stm32g4xx_it.o(i.DebugMon_Handler)
    Error_Handler                            0x08000c95   Thumb Code     4  main.o(i.Error_Handler)
    HAL_ADCEx_Calibration_Start              0x08000c99   Thumb Code   138  stm32g4xx_hal_adc_ex.o(i.HAL_ADCEx_Calibration_Start)
    HAL_ADCEx_EndOfSamplingCallback          0x08000d2d   Thumb Code     2  stm32g4xx_hal_adc_ex.o(i.HAL_ADCEx_EndOfSamplingCallback)
    HAL_ADCEx_InjectedConfigChannel          0x08000d31   Thumb Code  1264  stm32g4xx_hal_adc_ex.o(i.HAL_ADCEx_InjectedConfigChannel)
    HAL_ADCEx_InjectedConvCpltCallback       0x08001249   Thumb Code    22  main.o(i.HAL_ADCEx_InjectedConvCpltCallback)
    HAL_ADCEx_InjectedQueueOverflowCallback  0x08001265   Thumb Code     2  stm32g4xx_hal_adc_ex.o(i.HAL_ADCEx_InjectedQueueOverflowCallback)
    HAL_ADCEx_InjectedStart                  0x08001269   Thumb Code   220  stm32g4xx_hal_adc_ex.o(i.HAL_ADCEx_InjectedStart)
    HAL_ADCEx_InjectedStart_IT               0x08001351   Thumb Code   282  stm32g4xx_hal_adc_ex.o(i.HAL_ADCEx_InjectedStart_IT)
    HAL_ADCEx_LevelOutOfWindow2Callback      0x08001479   Thumb Code     2  stm32g4xx_hal_adc_ex.o(i.HAL_ADCEx_LevelOutOfWindow2Callback)
    HAL_ADCEx_LevelOutOfWindow3Callback      0x0800147b   Thumb Code     2  stm32g4xx_hal_adc_ex.o(i.HAL_ADCEx_LevelOutOfWindow3Callback)
    HAL_ADCEx_MultiModeConfigChannel         0x0800147d   Thumb Code   208  stm32g4xx_hal_adc_ex.o(i.HAL_ADCEx_MultiModeConfigChannel)
    HAL_ADC_ConfigChannel                    0x08001555   Thumb Code  1006  stm32g4xx_hal_adc.o(i.HAL_ADC_ConfigChannel)
    HAL_ADC_ConvCpltCallback                 0x08001979   Thumb Code     2  stm32g4xx_hal_adc.o(i.HAL_ADC_ConvCpltCallback)
    HAL_ADC_ErrorCallback                    0x0800197b   Thumb Code     2  stm32g4xx_hal_adc.o(i.HAL_ADC_ErrorCallback)
    HAL_ADC_IRQHandler                       0x0800197d   Thumb Code   612  stm32g4xx_hal_adc.o(i.HAL_ADC_IRQHandler)
    HAL_ADC_Init                             0x08001be9   Thumb Code   466  stm32g4xx_hal_adc.o(i.HAL_ADC_Init)
    HAL_ADC_LevelOutOfWindowCallback         0x08001ddd   Thumb Code     2  stm32g4xx_hal_adc.o(i.HAL_ADC_LevelOutOfWindowCallback)
    HAL_ADC_MspInit                          0x08001de1   Thumb Code   220  adc.o(i.HAL_ADC_MspInit)
    HAL_DMA_Abort                            0x08001ed1   Thumb Code   112  stm32g4xx_hal_dma.o(i.HAL_DMA_Abort)
    HAL_DMA_Abort_IT                         0x08001f41   Thumb Code   120  stm32g4xx_hal_dma.o(i.HAL_DMA_Abort_IT)
    HAL_DMA_IRQHandler                       0x08001fb9   Thumb Code   186  stm32g4xx_hal_dma.o(i.HAL_DMA_IRQHandler)
    HAL_DMA_Init                             0x08002075   Thumb Code   182  stm32g4xx_hal_dma.o(i.HAL_DMA_Init)
    HAL_DMA_Start_IT                         0x08002139   Thumb Code   140  stm32g4xx_hal_dma.o(i.HAL_DMA_Start_IT)
    HAL_Delay                                0x080021c5   Thumb Code    32  stm32g4xx_hal.o(i.HAL_Delay)
    HAL_GPIO_Init                            0x080021e9   Thumb Code   532  stm32g4xx_hal_gpio.o(i.HAL_GPIO_Init)
    HAL_GPIO_ReadPin                         0x0800241d   Thumb Code    10  stm32g4xx_hal_gpio.o(i.HAL_GPIO_ReadPin)
    HAL_GetTick                              0x08002429   Thumb Code     6  stm32g4xx_hal.o(i.HAL_GetTick)
    HAL_IncTick                              0x08002435   Thumb Code    12  stm32g4xx_hal.o(i.HAL_IncTick)
    HAL_Init                                 0x08002445   Thumb Code    30  stm32g4xx_hal.o(i.HAL_Init)
    HAL_InitTick                             0x08002465   Thumb Code    58  stm32g4xx_hal.o(i.HAL_InitTick)
    HAL_MspInit                              0x080024a9   Thumb Code    42  stm32g4xx_hal_msp.o(i.HAL_MspInit)
    HAL_NVIC_EnableIRQ                       0x080024d9   Thumb Code    26  stm32g4xx_hal_cortex.o(i.HAL_NVIC_EnableIRQ)
    HAL_NVIC_SetPriority                     0x080024f5   Thumb Code    60  stm32g4xx_hal_cortex.o(i.HAL_NVIC_SetPriority)
    HAL_NVIC_SetPriorityGrouping             0x08002535   Thumb Code    26  stm32g4xx_hal_cortex.o(i.HAL_NVIC_SetPriorityGrouping)
    HAL_OPAMP_Init                           0x08002559   Thumb Code   236  stm32g4xx_hal_opamp.o(i.HAL_OPAMP_Init)
    HAL_OPAMP_MspInit                        0x0800264d   Thumb Code   134  opamp.o(i.HAL_OPAMP_MspInit)
    HAL_OPAMP_Start                          0x080026e1   Thumb Code    44  stm32g4xx_hal_opamp.o(i.HAL_OPAMP_Start)
    HAL_PWREx_ControlVoltageScaling          0x0800270d   Thumb Code   174  stm32g4xx_hal_pwr_ex.o(i.HAL_PWREx_ControlVoltageScaling)
    HAL_PWREx_DisableUCPDDeadBattery         0x080027c9   Thumb Code    12  stm32g4xx_hal_pwr_ex.o(i.HAL_PWREx_DisableUCPDDeadBattery)
    HAL_RCCEx_PeriphCLKConfig                0x080027d9   Thumb Code   638  stm32g4xx_hal_rcc_ex.o(i.HAL_RCCEx_PeriphCLKConfig)
    HAL_RCC_ClockConfig                      0x08002a61   Thumb Code   444  stm32g4xx_hal_rcc.o(i.HAL_RCC_ClockConfig)
    HAL_RCC_GetPCLK1Freq                     0x08002c3d   Thumb Code    24  stm32g4xx_hal_rcc.o(i.HAL_RCC_GetPCLK1Freq)
    HAL_RCC_GetPCLK2Freq                     0x08002c61   Thumb Code    24  stm32g4xx_hal_rcc.o(i.HAL_RCC_GetPCLK2Freq)
    HAL_RCC_GetSysClockFreq                  0x08002c85   Thumb Code    98  stm32g4xx_hal_rcc.o(i.HAL_RCC_GetSysClockFreq)
    HAL_RCC_OscConfig                        0x08002cf1   Thumb Code  1028  stm32g4xx_hal_rcc.o(i.HAL_RCC_OscConfig)
    HAL_SYSTICK_Config                       0x080030f5   Thumb Code    40  stm32g4xx_hal_cortex.o(i.HAL_SYSTICK_Config)
    HAL_TIMEx_Break2Callback                 0x0800311d   Thumb Code     2  stm32g4xx_hal_tim_ex.o(i.HAL_TIMEx_Break2Callback)
    HAL_TIMEx_BreakCallback                  0x0800311f   Thumb Code     2  stm32g4xx_hal_tim_ex.o(i.HAL_TIMEx_BreakCallback)
    HAL_TIMEx_CommutCallback                 0x08003121   Thumb Code     2  stm32g4xx_hal_tim_ex.o(i.HAL_TIMEx_CommutCallback)
    HAL_TIMEx_ConfigBreakDeadTime            0x08003125   Thumb Code   148  stm32g4xx_hal_tim_ex.o(i.HAL_TIMEx_ConfigBreakDeadTime)
    HAL_TIMEx_ConfigBreakInput               0x080031c1   Thumb Code   202  stm32g4xx_hal_tim_ex.o(i.HAL_TIMEx_ConfigBreakInput)
    HAL_TIMEx_DirectionChangeCallback        0x0800328b   Thumb Code     2  stm32g4xx_hal_tim_ex.o(i.HAL_TIMEx_DirectionChangeCallback)
    HAL_TIMEx_EncoderIndexCallback           0x0800328d   Thumb Code     2  stm32g4xx_hal_tim_ex.o(i.HAL_TIMEx_EncoderIndexCallback)
    HAL_TIMEx_IndexErrorCallback             0x0800328f   Thumb Code     2  stm32g4xx_hal_tim_ex.o(i.HAL_TIMEx_IndexErrorCallback)
    HAL_TIMEx_MasterConfigSynchronization    0x08003291   Thumb Code   132  stm32g4xx_hal_tim_ex.o(i.HAL_TIMEx_MasterConfigSynchronization)
    HAL_TIMEx_PWMN_Start                     0x0800332d   Thumb Code   158  stm32g4xx_hal_tim_ex.o(i.HAL_TIMEx_PWMN_Start)
    HAL_TIMEx_TransitionErrorCallback        0x080033e5   Thumb Code     2  stm32g4xx_hal_tim_ex.o(i.HAL_TIMEx_TransitionErrorCallback)
    HAL_TIM_Base_Init                        0x080033e7   Thumb Code    98  stm32g4xx_hal_tim.o(i.HAL_TIM_Base_Init)
    HAL_TIM_Base_MspInit                     0x08003449   Thumb Code    50  tim.o(i.HAL_TIM_Base_MspInit)
    HAL_TIM_Base_Start_IT                    0x08003481   Thumb Code    94  stm32g4xx_hal_tim.o(i.HAL_TIM_Base_Start_IT)
    HAL_TIM_ConfigClockSource                0x080034f9   Thumb Code   246  stm32g4xx_hal_tim.o(i.HAL_TIM_ConfigClockSource)
    HAL_TIM_Encoder_Init                     0x080035f9   Thumb Code   162  stm32g4xx_hal_tim.o(i.HAL_TIM_Encoder_Init)
    HAL_TIM_Encoder_MspInit                  0x080036a1   Thumb Code    84  tim.o(i.HAL_TIM_Encoder_MspInit)
    HAL_TIM_Encoder_Start                    0x08003701   Thumb Code   142  stm32g4xx_hal_tim.o(i.HAL_TIM_Encoder_Start)
    HAL_TIM_IC_CaptureCallback               0x0800378f   Thumb Code     2  stm32g4xx_hal_tim.o(i.HAL_TIM_IC_CaptureCallback)
    HAL_TIM_IRQHandler                       0x08003791   Thumb Code   418  stm32g4xx_hal_tim.o(i.HAL_TIM_IRQHandler)
    HAL_TIM_MspPostInit                      0x08003935   Thumb Code   134  tim.o(i.HAL_TIM_MspPostInit)
    HAL_TIM_OC_DelayElapsedCallback          0x080039c9   Thumb Code     2  stm32g4xx_hal_tim.o(i.HAL_TIM_OC_DelayElapsedCallback)
    HAL_TIM_PWM_ConfigChannel                0x080039cb   Thumb Code   292  stm32g4xx_hal_tim.o(i.HAL_TIM_PWM_ConfigChannel)
    HAL_TIM_PWM_Init                         0x08003aef   Thumb Code    98  stm32g4xx_hal_tim.o(i.HAL_TIM_PWM_Init)
    HAL_TIM_PWM_MspInit                      0x08003b51   Thumb Code   106  tim.o(i.HAL_TIM_PWM_MspInit)
    HAL_TIM_PWM_PulseFinishedCallback        0x08003bc9   Thumb Code     2  stm32g4xx_hal_tim.o(i.HAL_TIM_PWM_PulseFinishedCallback)
    HAL_TIM_PWM_Start                        0x08003bcd   Thumb Code   218  stm32g4xx_hal_tim.o(i.HAL_TIM_PWM_Start)
    HAL_TIM_PeriodElapsedCallback            0x08003cc9   Thumb Code    14  main.o(i.HAL_TIM_PeriodElapsedCallback)
    HAL_TIM_TriggerCallback                  0x08003cd7   Thumb Code     2  stm32g4xx_hal_tim.o(i.HAL_TIM_TriggerCallback)
    HAL_UARTEx_DisableFifoMode               0x08003cd9   Thumb Code    62  stm32g4xx_hal_uart_ex.o(i.HAL_UARTEx_DisableFifoMode)
    HAL_UARTEx_RxEventCallback               0x08003d17   Thumb Code     2  stm32g4xx_hal_uart.o(i.HAL_UARTEx_RxEventCallback)
    HAL_UARTEx_RxFifoFullCallback            0x08003d19   Thumb Code     2  stm32g4xx_hal_uart_ex.o(i.HAL_UARTEx_RxFifoFullCallback)
    HAL_UARTEx_SetRxFifoThreshold            0x08003d1b   Thumb Code    76  stm32g4xx_hal_uart_ex.o(i.HAL_UARTEx_SetRxFifoThreshold)
    HAL_UARTEx_SetTxFifoThreshold            0x08003d67   Thumb Code    76  stm32g4xx_hal_uart_ex.o(i.HAL_UARTEx_SetTxFifoThreshold)
    HAL_UARTEx_TxFifoEmptyCallback           0x08003db3   Thumb Code     2  stm32g4xx_hal_uart_ex.o(i.HAL_UARTEx_TxFifoEmptyCallback)
    HAL_UARTEx_WakeupCallback                0x08003db5   Thumb Code     2  stm32g4xx_hal_uart_ex.o(i.HAL_UARTEx_WakeupCallback)
    HAL_UART_ErrorCallback                   0x08003db9   Thumb Code    30  vofa.o(i.HAL_UART_ErrorCallback)
    HAL_UART_GetError                        0x08003de1   Thumb Code     6  stm32g4xx_hal_uart.o(i.HAL_UART_GetError)
    HAL_UART_IRQHandler                      0x08003de9   Thumb Code   782  stm32g4xx_hal_uart.o(i.HAL_UART_IRQHandler)
    HAL_UART_Init                            0x08004105   Thumb Code   106  stm32g4xx_hal_uart.o(i.HAL_UART_Init)
    HAL_UART_MspInit                         0x08004171   Thumb Code   168  usart.o(i.HAL_UART_MspInit)
    HAL_UART_Transmit_DMA                    0x0800422d   Thumb Code   132  stm32g4xx_hal_uart.o(i.HAL_UART_Transmit_DMA)
    HAL_UART_TxCpltCallback                  0x080042bd   Thumb Code    22  vofa.o(i.HAL_UART_TxCpltCallback)
    HAL_UART_TxHalfCpltCallback              0x080042dd   Thumb Code     2  stm32g4xx_hal_uart.o(i.HAL_UART_TxHalfCpltCallback)
    HardFault_Handler                        0x080042df   Thumb Code     2  stm32g4xx_it.o(i.HardFault_Handler)
    Key_ControlInit                          0x080042e1   Thumb Code    14  key.o(i.Key_ControlInit)
    Key_Task                                 0x0800435d   Thumb Code   114  key.o(i.Key_Task)
    MX_ADC1_Init                             0x080044b5   Thumb Code   224  adc.o(i.MX_ADC1_Init)
    MX_ADC2_Init                             0x080045a5   Thumb Code   134  adc.o(i.MX_ADC2_Init)
    MX_DMA_Init                              0x08004639   Thumb Code    56  dma.o(i.MX_DMA_Init)
    MX_GPIO_Init                             0x08004675   Thumb Code   150  gpio.o(i.MX_GPIO_Init)
    MX_OPAMP1_Init                           0x0800471d   Thumb Code    42  opamp.o(i.MX_OPAMP1_Init)
    MX_OPAMP2_Init                           0x08004751   Thumb Code    42  opamp.o(i.MX_OPAMP2_Init)
    MX_OPAMP3_Init                           0x08004785   Thumb Code    42  opamp.o(i.MX_OPAMP3_Init)
    MX_TIM1_Init                             0x080047b9   Thumb Code   274  tim.o(i.MX_TIM1_Init)
    MX_TIM2_Init                             0x080048d5   Thumb Code   100  tim.o(i.MX_TIM2_Init)
    MX_TIM3_Init                             0x0800493d   Thumb Code   102  tim.o(i.MX_TIM3_Init)
    MX_USART2_UART_Init                      0x080049ad   Thumb Code    94  usart.o(i.MX_USART2_UART_Init)
    MemManage_Handler                        0x08004a15   Thumb Code     2  stm32g4xx_it.o(i.MemManage_Handler)
    MotorStatus_Loop                         0x08004a19   Thumb Code    20  sguan_motorstatus.o(i.MotorStatus_Loop)
    NMI_Handler                              0x08004a31   Thumb Code     2  stm32g4xx_it.o(i.NMI_Handler)
    PID_Init                                 0x08004a35   Thumb Code   218  sguan_pid.o(i.PID_Init)
    PID_Loop                                 0x08004b25   Thumb Code   336  sguan_pid.o(i.PID_Loop)
    PLL_Init                                 0x08004c7d   Thumb Code   136  sguan_pll.o(i.PLL_Init)
    PLL_Loop                                 0x08004d19   Thumb Code   200  sguan_pll.o(i.PLL_Loop)
    PendSV_Handler                           0x08004de9   Thumb Code     2  stm32g4xx_it.o(i.PendSV_Handler)
    Printf_Init                              0x08004deb   Thumb Code    18  sguan_printf.o(i.Printf_Init)
    Printf_Loop                              0x08004dfd   Thumb Code     2  sguan_printf.o(i.Printf_Loop)
    SVC_Handler                              0x08004e15   Thumb Code     2  stm32g4xx_it.o(i.SVC_Handler)
    SVPWM                                    0x08004e19   Thumb Code   500  sguan_math.o(i.SVPWM)
    SguanFOC_High_Loop                       0x08005131   Thumb Code   154  sguanfoc.o(i.SguanFOC_High_Loop)
    SguanFOC_Low_Loop                        0x080051e1   Thumb Code    28  sguanfoc.o(i.SguanFOC_Low_Loop)
    SguanFOC_main_Loop                       0x08005201   Thumb Code    56  sguanfoc.o(i.SguanFOC_main_Loop)
    SysTick_Handler                          0x08005911   Thumb Code     4  stm32g4xx_it.o(i.SysTick_Handler)
    SystemClock_Config                       0x08005915   Thumb Code   100  main.o(i.SystemClock_Config)
    SystemInit                               0x08005979   Thumb Code    12  system_stm32g4xx.o(i.SystemInit)
    TIM1_BRK_TIM15_IRQHandler                0x08005989   Thumb Code     6  stm32g4xx_it.o(i.TIM1_BRK_TIM15_IRQHandler)
    TIM2_IRQHandler                          0x08005995   Thumb Code     6  stm32g4xx_it.o(i.TIM2_IRQHandler)
    TIM_Base_SetConfig                       0x080059a1   Thumb Code   154  stm32g4xx_hal_tim.o(i.TIM_Base_SetConfig)
    TIM_CCxChannelCmd                        0x08005a59   Thumb Code    26  stm32g4xx_hal_tim.o(i.TIM_CCxChannelCmd)
    TIM_ETR_SetConfig                        0x08005a8d   Thumb Code    20  stm32g4xx_hal_tim.o(i.TIM_ETR_SetConfig)
    TIM_OC2_SetConfig                        0x08005b59   Thumb Code   124  stm32g4xx_hal_tim.o(i.TIM_OC2_SetConfig)
    UART_AdvFeatureConfig                    0x08005f71   Thumb Code   200  stm32g4xx_hal_uart.o(i.UART_AdvFeatureConfig)
    UART_CheckIdleState                      0x08006039   Thumb Code   172  stm32g4xx_hal_uart.o(i.UART_CheckIdleState)
    UART_SetConfig                           0x08006205   Thumb Code   582  stm32g4xx_hal_uart.o(i.UART_SetConfig)
    UART_WaitOnFlagUntilTimeout              0x08006479   Thumb Code   148  stm32g4xx_hal_uart.o(i.UART_WaitOnFlagUntilTimeout)
    USART2_IRQHandler                        0x0800650d   Thumb Code     6  stm32g4xx_it.o(i.USART2_IRQHandler)
    UsageFault_Handler                       0x08006519   Thumb Code     2  stm32g4xx_it.o(i.UsageFault_Handler)
    VOFA_Init                                0x080068cd   Thumb Code    20  vofa.o(i.VOFA_Init)
    VOFA_Task                                0x08006991   Thumb Code    28  vofa.o(i.VOFA_Task)
    Value_Limit                              0x080069b1   Thumb Code    32  sguan_math.o(i.Value_Limit)
    Value_fabsf                              0x080069d1   Thumb Code    14  sguan_math.o(i.Value_fabsf)
    Value_isinf                              0x080069df   Thumb Code    26  sguan_math.o(i.Value_isinf)
    Value_isnan                              0x080069f9   Thumb Code    26  sguan_math.o(i.Value_isnan)
    Value_normalize                          0x08006a15   Thumb Code    60  sguan_math.o(i.Value_normalize)
    Value_sqrtf                              0x08006a59   Thumb Code    58  sguan_math.o(i.Value_sqrtf)
    _sys_exit                                0x08006ab9   Thumb Code     2  sguan_printf.o(i._sys_exit)
    clarke                                   0x08006abd   Thumb Code    26  sguan_math.o(i.clarke)
    fast_sin_cos                             0x08006b75   Thumb Code   120  sguan_math.o(i.fast_sin_cos)
    ipark                                    0x08006bf5   Thumb Code    26  sguan_math.o(i.ipark)
    main                                     0x08006c11   Thumb Code    82  main.o(i.main)
    park                                     0x08006c69   Thumb Code    26  sguan_math.o(i.park)
    __aeabi_d2f                              0x08006c85   Thumb Code     0  d2f.o(x$fpl$d2f)
    _d2f                                     0x08006c85   Thumb Code    98  d2f.o(x$fpl$d2f)
    __aeabi_dadd                             0x08006ce9   Thumb Code     0  daddsub_clz.o(x$fpl$dadd)
    _dadd                                    0x08006ce9   Thumb Code   332  daddsub_clz.o(x$fpl$dadd)
    __fpl_dcmp_Inf                           0x08006e39   Thumb Code    24  dcmpi.o(x$fpl$dcmpinf)
    __aeabi_cdcmpeq                          0x08006e51   Thumb Code     0  deqf.o(x$fpl$deqf)
    _dcmpeq                                  0x08006e51   Thumb Code   120  deqf.o(x$fpl$deqf)
    __aeabi_cdcmple                          0x08006ec9   Thumb Code     0  dleqf.o(x$fpl$dleqf)
    _dcmple                                  0x08006ec9   Thumb Code   120  dleqf.o(x$fpl$dleqf)
    __fpl_dcmple_InfNaN                      0x08006f2b   Thumb Code     0  dleqf.o(x$fpl$dleqf)
    __aeabi_dmul                             0x08006f41   Thumb Code     0  dmul.o(x$fpl$dmul)
    _dmul                                    0x08006f41   Thumb Code   332  dmul.o(x$fpl$dmul)
    __fpl_dnaninf                            0x08007095   Thumb Code   156  dnaninf.o(x$fpl$dnaninf)
    __fpl_dretinf                            0x08007131   Thumb Code    12  dretinf.o(x$fpl$dretinf)
    __aeabi_cdrcmple                         0x0800713d   Thumb Code     0  drleqf.o(x$fpl$drleqf)
    _drcmple                                 0x0800713d   Thumb Code   108  drleqf.o(x$fpl$drleqf)
    __aeabi_dsub                             0x080071a9   Thumb Code     0  daddsub_clz.o(x$fpl$dsub)
    _dsub                                    0x080071a9   Thumb Code   464  daddsub_clz.o(x$fpl$dsub)
    __aeabi_f2d                              0x0800737d   Thumb Code     0  f2d.o(x$fpl$f2d)
    _f2d                                     0x0800737d   Thumb Code    86  f2d.o(x$fpl$f2d)
    __fpl_fnaninf                            0x080073d3   Thumb Code   140  fnaninf.o(x$fpl$fnaninf)
    _fp_init                                 0x0800745f   Thumb Code    10  fpinit.o(x$fpl$fpinit)
    __fplib_config_fpu_vfp                   0x08007467   Thumb Code     0  fpinit.o(x$fpl$fpinit)
    __fplib_config_pureend_doubles           0x08007467   Thumb Code     0  fpinit.o(x$fpl$fpinit)
    __fpl_fretinf                            0x08007469   Thumb Code    10  fretinf.o(x$fpl$fretinf)
    UARTPrescTable                           0x08007472   Data          24  stm32g4xx_hal_uart.o(.constdata)
    __I$use$fp                               0x08007472   Number         0  usenofp.o(x$fpl$usenofp)
    AHBPrescTable                            0x0800749a   Data          16  system_stm32g4xx.o(.constdata)
    APBPrescTable                            0x080074aa   Data           8  system_stm32g4xx.o(.constdata)
    Region$$Table$$Base                      0x0800758c   Number         0  anon$$obj.o(Region$$Table)
    Region$$Table$$Limit                     0x080075ac   Number         0  anon$$obj.o(Region$$Table)
    uwTickPrio                               0x20000004   Data           4  stm32g4xx_hal.o(.data)
    uwTickFreq                               0x20000008   Data           4  stm32g4xx_hal.o(.data)
    uwTick                                   0x2000000c   Data           4  stm32g4xx_hal.o(.data)
    SystemCoreClock                          0x20000010   Data           4  system_stm32g4xx.o(.data)
    g_motor_run                              0x20000020   Data           1  key.o(.data)
    g_target_rpm                             0x2000002c   Data           4  key.o(.data)
    g_target_speed_rad                       0x20000030   Data           4  key.o(.data)
    g_vofa_tx_complete_count                 0x2000003c   Data           4  vofa.o(.data)
    g_vofa_tx_error_count                    0x20000040   Data           4  vofa.o(.data)
    g_vofa_last_uart_error                   0x20000044   Data           4  vofa.o(.data)
    hadc1                                    0x2000004c   Data         108  adc.o(.bss)
    hadc2                                    0x200000b8   Data         108  adc.o(.bss)
    hopamp1                                  0x20000124   Data          60  opamp.o(.bss)
    hopamp2                                  0x20000160   Data          60  opamp.o(.bss)
    hopamp3                                  0x2000019c   Data          60  opamp.o(.bss)
    htim1                                    0x200001d8   Data          76  tim.o(.bss)
    htim2                                    0x20000224   Data          76  tim.o(.bss)
    htim3                                    0x20000270   Data          76  tim.o(.bss)
    huart2                                   0x200002bc   Data         148  usart.o(.bss)
    hdma_usart2_tx                           0x20000350   Data          96  usart.o(.bss)
    Sguan                                    0x200003b0   Data        1080  sguanfoc.o(.bss)
    __libspace_start                         0x2000080c   Data          96  libspace.o(.bss)
    __temporary_stack_top$libspace           0x2000086c   Data           0  libspace.o(.bss)



==============================================================================

Memory Map of the image

  Image Entry point : 0x080001d9

  Load Region LR_IROM1 (Base: 0x08000000, Size: 0x000075f8, Max: 0x00020000, ABSOLUTE)

    Execution Region ER_IROM1 (Exec base: 0x08000000, Load base: 0x08000000, Size: 0x000075ac, Max: 0x00020000, ABSOLUTE)

    Exec Addr    Load Addr    Size         Type   Attr      Idx    E Section Name        Object

    0x08000000   0x08000000   0x000001d8   Data   RO            3    RESET               startup_stm32g431xx.o
    0x080001d8   0x080001d8   0x00000008   Code   RO         5153  * !!!main             c_w.l(__main.o)
    0x080001e0   0x080001e0   0x00000034   Code   RO         5347    !!!scatter          c_w.l(__scatter.o)
    0x08000214   0x08000214   0x0000001a   Code   RO         5349    !!handler_copy      c_w.l(__scatter_copy.o)
    0x0800022e   0x0800022e   0x00000002   PAD
    0x08000230   0x08000230   0x0000001c   Code   RO         5351    !!handler_zi        c_w.l(__scatter_zi.o)
    0x0800024c   0x0800024c   0x00000002   Code   RO         5221    .ARM.Collect$$libinit$$00000000  c_w.l(libinit.o)
    0x0800024e   0x0800024e   0x00000004   Code   RO         5233    .ARM.Collect$$libinit$$00000001  c_w.l(libinit2.o)
    0x08000252   0x08000252   0x00000000   Code   RO         5236    .ARM.Collect$$libinit$$00000004  c_w.l(libinit2.o)
    0x08000252   0x08000252   0x00000000   Code   RO         5239    .ARM.Collect$$libinit$$0000000A  c_w.l(libinit2.o)
    0x08000252   0x08000252   0x00000000   Code   RO         5241    .ARM.Collect$$libinit$$0000000C  c_w.l(libinit2.o)
    0x08000252   0x08000252   0x00000000   Code   RO         5243    .ARM.Collect$$libinit$$0000000E  c_w.l(libinit2.o)
    0x08000252   0x08000252   0x00000000   Code   RO         5246    .ARM.Collect$$libinit$$00000011  c_w.l(libinit2.o)
    0x08000252   0x08000252   0x00000000   Code   RO         5248    .ARM.Collect$$libinit$$00000013  c_w.l(libinit2.o)
    0x08000252   0x08000252   0x00000000   Code   RO         5250    .ARM.Collect$$libinit$$00000015  c_w.l(libinit2.o)
    0x08000252   0x08000252   0x00000000   Code   RO         5252    .ARM.Collect$$libinit$$00000017  c_w.l(libinit2.o)
    0x08000252   0x08000252   0x00000000   Code   RO         5254    .ARM.Collect$$libinit$$00000019  c_w.l(libinit2.o)
    0x08000252   0x08000252   0x00000000   Code   RO         5256    .ARM.Collect$$libinit$$0000001B  c_w.l(libinit2.o)
    0x08000252   0x08000252   0x00000000   Code   RO         5258    .ARM.Collect$$libinit$$0000001D  c_w.l(libinit2.o)
    0x08000252   0x08000252   0x00000000   Code   RO         5260    .ARM.Collect$$libinit$$0000001F  c_w.l(libinit2.o)
    0x08000252   0x08000252   0x00000000   Code   RO         5262    .ARM.Collect$$libinit$$00000021  c_w.l(libinit2.o)
    0x08000252   0x08000252   0x00000000   Code   RO         5264    .ARM.Collect$$libinit$$00000023  c_w.l(libinit2.o)
    0x08000252   0x08000252   0x00000000   Code   RO         5266    .ARM.Collect$$libinit$$00000025  c_w.l(libinit2.o)
    0x08000252   0x08000252   0x00000000   Code   RO         5270    .ARM.Collect$$libinit$$0000002C  c_w.l(libinit2.o)
    0x08000252   0x08000252   0x00000000   Code   RO         5272    .ARM.Collect$$libinit$$0000002E  c_w.l(libinit2.o)
    0x08000252   0x08000252   0x00000000   Code   RO         5274    .ARM.Collect$$libinit$$00000030  c_w.l(libinit2.o)
    0x08000252   0x08000252   0x00000000   Code   RO         5276    .ARM.Collect$$libinit$$00000032  c_w.l(libinit2.o)
    0x08000252   0x08000252   0x00000002   Code   RO         5277    .ARM.Collect$$libinit$$00000033  c_w.l(libinit2.o)
    0x08000254   0x08000254   0x00000002   Code   RO         5303    .ARM.Collect$$libshutdown$$00000000  c_w.l(libshutdown.o)
    0x08000256   0x08000256   0x00000000   Code   RO         5330    .ARM.Collect$$libshutdown$$00000002  c_w.l(libshutdown2.o)
    0x08000256   0x08000256   0x00000000   Code   RO         5332    .ARM.Collect$$libshutdown$$00000004  c_w.l(libshutdown2.o)
    0x08000256   0x08000256   0x00000000   Code   RO         5335    .ARM.Collect$$libshutdown$$00000007  c_w.l(libshutdown2.o)
    0x08000256   0x08000256   0x00000000   Code   RO         5338    .ARM.Collect$$libshutdown$$0000000A  c_w.l(libshutdown2.o)
    0x08000256   0x08000256   0x00000000   Code   RO         5340    .ARM.Collect$$libshutdown$$0000000C  c_w.l(libshutdown2.o)
    0x08000256   0x08000256   0x00000000   Code   RO         5343    .ARM.Collect$$libshutdown$$0000000F  c_w.l(libshutdown2.o)
    0x08000256   0x08000256   0x00000002   Code   RO         5344    .ARM.Collect$$libshutdown$$00000010  c_w.l(libshutdown2.o)
    0x08000258   0x08000258   0x00000000   Code   RO         5175    .ARM.Collect$$rtentry$$00000000  c_w.l(__rtentry.o)
    0x08000258   0x08000258   0x00000000   Code   RO         5192    .ARM.Collect$$rtentry$$00000002  c_w.l(__rtentry2.o)
    0x08000258   0x08000258   0x00000006   Code   RO         5204    .ARM.Collect$$rtentry$$00000004  c_w.l(__rtentry4.o)
    0x0800025e   0x0800025e   0x00000000   Code   RO         5194    .ARM.Collect$$rtentry$$00000009  c_w.l(__rtentry2.o)
    0x0800025e   0x0800025e   0x00000004   Code   RO         5195    .ARM.Collect$$rtentry$$0000000A  c_w.l(__rtentry2.o)
    0x08000262   0x08000262   0x00000000   Code   RO         5197    .ARM.Collect$$rtentry$$0000000C  c_w.l(__rtentry2.o)
    0x08000262   0x08000262   0x00000008   Code   RO         5198    .ARM.Collect$$rtentry$$0000000D  c_w.l(__rtentry2.o)
    0x0800026a   0x0800026a   0x00000002   Code   RO         5225    .ARM.Collect$$rtexit$$00000000  c_w.l(rtexit.o)
    0x0800026c   0x0800026c   0x00000000   Code   RO         5279    .ARM.Collect$$rtexit$$00000002  c_w.l(rtexit2.o)
    0x0800026c   0x0800026c   0x00000004   Code   RO         5280    .ARM.Collect$$rtexit$$00000003  c_w.l(rtexit2.o)
    0x08000270   0x08000270   0x00000006   Code   RO         5281    .ARM.Collect$$rtexit$$00000004  c_w.l(rtexit2.o)
    0x08000276   0x08000276   0x00000002   PAD
    0x08000278   0x08000278   0x00000040   Code   RO            4    .text               startup_stm32g431xx.o
    0x080002b8   0x080002b8   0x00000002   Code   RO         5139    .text               c_w.l(use_no_semi_2.o)
    0x080002ba   0x080002ba   0x000000ee   Code   RO         5141    .text               c_w.l(lludivv7m.o)
    0x080003a8   0x080003a8   0x0000008a   Code   RO         5143    .text               c_w.l(rt_memcpy_v6.o)
    0x08000432   0x08000432   0x00000064   Code   RO         5145    .text               c_w.l(rt_memcpy_w.o)
    0x08000496   0x08000496   0x00000044   Code   RO         5147    .text               c_w.l(rt_memclr.o)
    0x080004da   0x080004da   0x0000004e   Code   RO         5149    .text               c_w.l(rt_memclr_w.o)
    0x08000528   0x08000528   0x00000006   Code   RO         5151    .text               c_w.l(heapauxi.o)
    0x0800052e   0x0800052e   0x00000002   Code   RO         5173    .text               c_w.l(use_no_semi.o)
    0x08000530   0x08000530   0x0000004a   Code   RO         5208    .text               c_w.l(sys_stackheap_outer.o)
    0x0800057a   0x0800057a   0x00000012   Code   RO         5210    .text               c_w.l(exit.o)
    0x0800058c   0x0800058c   0x00000008   Code   RO         5222    .text               c_w.l(libspace.o)
    0x08000594   0x08000594   0x0000001c   Code   RO          520    i.ADC1_2_IRQHandler  stm32g4xx_it.o
    0x080005b0   0x080005b0   0x00000070   Code   RO          654    i.ADC_Disable       stm32g4xx_hal_adc.o
    0x08000620   0x08000620   0x000000ac   Code   RO          655    i.ADC_Enable        stm32g4xx_hal_adc.o
    0x080006cc   0x080006cc   0x0000011c   Code   RO         4428    i.BPF_Init          sguan_filter.o
    0x080007e8   0x080007e8   0x000000c8   Code   RO         4429    i.BPF_Loop          sguan_filter.o
    0x080008b0   0x080008b0   0x00000002   Code   RO          521    i.BusFault_Handler  stm32g4xx_it.o
    0x080008b2   0x080008b2   0x00000002   PAD
    0x080008b4   0x080008b4   0x0000008c   Code   RO         4849    i.Control_Current_SINGLE  sguanfoc.o
    0x08000940   0x08000940   0x000000f4   Code   RO         4850    i.Control_PosVelCur_THREE  sguanfoc.o
    0x08000a34   0x08000a34   0x000000b0   Code   RO         4851    i.Control_VelCur_DOUBLE  sguanfoc.o
    0x08000ae4   0x08000ae4   0x00000018   Code   RO         4852    i.Control_Velocity_OPEN  sguanfoc.o
    0x08000afc   0x08000afc   0x000000dc   Code   RO         4853    i.Current_ReadIabc  sguanfoc.o
    0x08000bd8   0x08000bd8   0x0000000c   Code   RO          522    i.DMA1_Channel1_IRQHandler  stm32g4xx_it.o
    0x08000be4   0x08000be4   0x00000048   Code   RO         1948    i.DMA_CalcDMAMUXChannelBaseAndMask  stm32g4xx_hal_dma.o
    0x08000c2c   0x08000c2c   0x00000028   Code   RO         1949    i.DMA_CalcDMAMUXRequestGenBaseAndMask  stm32g4xx_hal_dma.o
    0x08000c54   0x08000c54   0x0000003e   Code   RO         1950    i.DMA_SetConfig     stm32g4xx_hal_dma.o
    0x08000c92   0x08000c92   0x00000002   Code   RO          523    i.DebugMon_Handler  stm32g4xx_it.o
    0x08000c94   0x08000c94   0x00000004   Code   RO           13    i.Error_Handler     main.o
    0x08000c98   0x08000c98   0x00000094   Code   RO          888    i.HAL_ADCEx_Calibration_Start  stm32g4xx_hal_adc_ex.o
    0x08000d2c   0x08000d2c   0x00000002   Code   RO          892    i.HAL_ADCEx_EndOfSamplingCallback  stm32g4xx_hal_adc_ex.o
    0x08000d2e   0x08000d2e   0x00000002   PAD
    0x08000d30   0x08000d30   0x00000518   Code   RO          894    i.HAL_ADCEx_InjectedConfigChannel  stm32g4xx_hal_adc_ex.o
    0x08001248   0x08001248   0x0000001c   Code   RO           14    i.HAL_ADCEx_InjectedConvCpltCallback  main.o
    0x08001264   0x08001264   0x00000002   Code   RO          898    i.HAL_ADCEx_InjectedQueueOverflowCallback  stm32g4xx_hal_adc_ex.o
    0x08001266   0x08001266   0x00000002   PAD
    0x08001268   0x08001268   0x000000e8   Code   RO          899    i.HAL_ADCEx_InjectedStart  stm32g4xx_hal_adc_ex.o
    0x08001350   0x08001350   0x00000128   Code   RO          900    i.HAL_ADCEx_InjectedStart_IT  stm32g4xx_hal_adc_ex.o
    0x08001478   0x08001478   0x00000002   Code   RO          903    i.HAL_ADCEx_LevelOutOfWindow2Callback  stm32g4xx_hal_adc_ex.o
    0x0800147a   0x0800147a   0x00000002   Code   RO          904    i.HAL_ADCEx_LevelOutOfWindow3Callback  stm32g4xx_hal_adc_ex.o
    0x0800147c   0x0800147c   0x000000d8   Code   RO          905    i.HAL_ADCEx_MultiModeConfigChannel  stm32g4xx_hal_adc_ex.o
    0x08001554   0x08001554   0x00000424   Code   RO          657    i.HAL_ADC_ConfigChannel  stm32g4xx_hal_adc.o
    0x08001978   0x08001978   0x00000002   Code   RO          658    i.HAL_ADC_ConvCpltCallback  stm32g4xx_hal_adc.o
    0x0800197a   0x0800197a   0x00000002   Code   RO          661    i.HAL_ADC_ErrorCallback  stm32g4xx_hal_adc.o
    0x0800197c   0x0800197c   0x0000026c   Code   RO          665    i.HAL_ADC_IRQHandler  stm32g4xx_hal_adc.o
    0x08001be8   0x08001be8   0x000001f4   Code   RO          666    i.HAL_ADC_Init      stm32g4xx_hal_adc.o
    0x08001ddc   0x08001ddc   0x00000002   Code   RO          667    i.HAL_ADC_LevelOutOfWindowCallback  stm32g4xx_hal_adc.o
    0x08001dde   0x08001dde   0x00000002   PAD
    0x08001de0   0x08001de0   0x000000f0   Code   RO          268    i.HAL_ADC_MspInit   adc.o
    0x08001ed0   0x08001ed0   0x00000070   Code   RO         1951    i.HAL_DMA_Abort     stm32g4xx_hal_dma.o
    0x08001f40   0x08001f40   0x00000078   Code   RO         1952    i.HAL_DMA_Abort_IT  stm32g4xx_hal_dma.o
    0x08001fb8   0x08001fb8   0x000000ba   Code   RO         1956    i.HAL_DMA_IRQHandler  stm32g4xx_hal_dma.o
    0x08002072   0x08002072   0x00000002   PAD
    0x08002074   0x08002074   0x000000c4   Code   RO         1957    i.HAL_DMA_Init      stm32g4xx_hal_dma.o
    0x08002138   0x08002138   0x0000008c   Code   RO         1961    i.HAL_DMA_Start_IT  stm32g4xx_hal_dma.o
    0x080021c4   0x080021c4   0x00000024   Code   RO         1104    i.HAL_Delay         stm32g4xx_hal.o
    0x080021e8   0x080021e8   0x00000234   Code   RO         1813    i.HAL_GPIO_Init     stm32g4xx_hal_gpio.o
    0x0800241c   0x0800241c   0x0000000a   Code   RO         1815    i.HAL_GPIO_ReadPin  stm32g4xx_hal_gpio.o
    0x08002426   0x08002426   0x00000002   PAD
    0x08002428   0x08002428   0x0000000c   Code   RO         1108    i.HAL_GetTick       stm32g4xx_hal.o
    0x08002434   0x08002434   0x00000010   Code   RO         1114    i.HAL_IncTick       stm32g4xx_hal.o
    0x08002444   0x08002444   0x0000001e   Code   RO         1115    i.HAL_Init          stm32g4xx_hal.o
    0x08002462   0x08002462   0x00000002   PAD
    0x08002464   0x08002464   0x00000044   Code   RO         1116    i.HAL_InitTick      stm32g4xx_hal.o
    0x080024a8   0x080024a8   0x00000030   Code   RO          626    i.HAL_MspInit       stm32g4xx_hal_msp.o
    0x080024d8   0x080024d8   0x0000001a   Code   RO         2462    i.HAL_NVIC_EnableIRQ  stm32g4xx_hal_cortex.o
    0x080024f2   0x080024f2   0x00000002   PAD
    0x080024f4   0x080024f4   0x00000040   Code   RO         2468    i.HAL_NVIC_SetPriority  stm32g4xx_hal_cortex.o
    0x08002534   0x08002534   0x00000024   Code   RO         2469    i.HAL_NVIC_SetPriorityGrouping  stm32g4xx_hal_cortex.o
    0x08002558   0x08002558   0x000000f4   Code   RO         2605    i.HAL_OPAMP_Init    stm32g4xx_hal_opamp.o
    0x0800264c   0x0800264c   0x00000094   Code   RO          341    i.HAL_OPAMP_MspInit  opamp.o
    0x080026e0   0x080026e0   0x0000002c   Code   RO         2611    i.HAL_OPAMP_Start   stm32g4xx_hal_opamp.o
    0x0800270c   0x0800270c   0x000000bc   Code   RO         2216    i.HAL_PWREx_ControlVoltageScaling  stm32g4xx_hal_pwr_ex.o
    0x080027c8   0x080027c8   0x00000010   Code   RO         2228    i.HAL_PWREx_DisableUCPDDeadBattery  stm32g4xx_hal_pwr_ex.o
    0x080027d8   0x080027d8   0x00000288   Code   RO         1475    i.HAL_RCCEx_PeriphCLKConfig  stm32g4xx_hal_rcc_ex.o
    0x08002a60   0x08002a60   0x000001dc   Code   RO         1350    i.HAL_RCC_ClockConfig  stm32g4xx_hal_rcc.o
    0x08002c3c   0x08002c3c   0x00000024   Code   RO         1358    i.HAL_RCC_GetPCLK1Freq  stm32g4xx_hal_rcc.o
    0x08002c60   0x08002c60   0x00000024   Code   RO         1359    i.HAL_RCC_GetPCLK2Freq  stm32g4xx_hal_rcc.o
    0x08002c84   0x08002c84   0x0000006c   Code   RO         1360    i.HAL_RCC_GetSysClockFreq  stm32g4xx_hal_rcc.o
    0x08002cf0   0x08002cf0   0x00000404   Code   RO         1363    i.HAL_RCC_OscConfig  stm32g4xx_hal_rcc.o
    0x080030f4   0x080030f4   0x00000028   Code   RO         2473    i.HAL_SYSTICK_Config  stm32g4xx_hal_cortex.o
    0x0800311c   0x0800311c   0x00000002   Code   RO         3426    i.HAL_TIMEx_Break2Callback  stm32g4xx_hal_tim_ex.o
    0x0800311e   0x0800311e   0x00000002   Code   RO         3427    i.HAL_TIMEx_BreakCallback  stm32g4xx_hal_tim_ex.o
    0x08003120   0x08003120   0x00000002   Code   RO         3428    i.HAL_TIMEx_CommutCallback  stm32g4xx_hal_tim_ex.o
    0x08003122   0x08003122   0x00000002   PAD
    0x08003124   0x08003124   0x0000009c   Code   RO         3431    i.HAL_TIMEx_ConfigBreakDeadTime  stm32g4xx_hal_tim_ex.o
    0x080031c0   0x080031c0   0x000000ca   Code   RO         3432    i.HAL_TIMEx_ConfigBreakInput  stm32g4xx_hal_tim_ex.o
    0x0800328a   0x0800328a   0x00000002   Code   RO         3439    i.HAL_TIMEx_DirectionChangeCallback  stm32g4xx_hal_tim_ex.o
    0x0800328c   0x0800328c   0x00000002   Code   RO         3453    i.HAL_TIMEx_EncoderIndexCallback  stm32g4xx_hal_tim_ex.o
    0x0800328e   0x0800328e   0x00000002   Code   RO         3467    i.HAL_TIMEx_IndexErrorCallback  stm32g4xx_hal_tim_ex.o
    0x08003290   0x08003290   0x0000009c   Code   RO         3468    i.HAL_TIMEx_MasterConfigSynchronization  stm32g4xx_hal_tim_ex.o
    0x0800332c   0x0800332c   0x000000b8   Code   RO         3480    i.HAL_TIMEx_PWMN_Start  stm32g4xx_hal_tim_ex.o
    0x080033e4   0x080033e4   0x00000002   Code   RO         3489    i.HAL_TIMEx_TransitionErrorCallback  stm32g4xx_hal_tim_ex.o
    0x080033e6   0x080033e6   0x00000062   Code   RO         2712    i.HAL_TIM_Base_Init  stm32g4xx_hal_tim.o
    0x08003448   0x08003448   0x00000038   Code   RO          395    i.HAL_TIM_Base_MspInit  tim.o
    0x08003480   0x08003480   0x00000078   Code   RO         2717    i.HAL_TIM_Base_Start_IT  stm32g4xx_hal_tim.o
    0x080034f8   0x080034f8   0x00000100   Code   RO         2721    i.HAL_TIM_ConfigClockSource  stm32g4xx_hal_tim.o
    0x080035f8   0x080035f8   0x000000a8   Code   RO         2733    i.HAL_TIM_Encoder_Init  stm32g4xx_hal_tim.o
    0x080036a0   0x080036a0   0x00000060   Code   RO          397    i.HAL_TIM_Encoder_MspInit  tim.o
    0x08003700   0x08003700   0x0000008e   Code   RO         2736    i.HAL_TIM_Encoder_Start  stm32g4xx_hal_tim.o
    0x0800378e   0x0800378e   0x00000002   Code   RO         2746    i.HAL_TIM_IC_CaptureCallback  stm32g4xx_hal_tim.o
    0x08003790   0x08003790   0x000001a2   Code   RO         2760    i.HAL_TIM_IRQHandler  stm32g4xx_hal_tim.o
    0x08003932   0x08003932   0x00000002   PAD
    0x08003934   0x08003934   0x00000094   Code   RO          398    i.HAL_TIM_MspPostInit  tim.o
    0x080039c8   0x080039c8   0x00000002   Code   RO         2763    i.HAL_TIM_OC_DelayElapsedCallback  stm32g4xx_hal_tim.o
    0x080039ca   0x080039ca   0x00000124   Code   RO         2784    i.HAL_TIM_PWM_ConfigChannel  stm32g4xx_hal_tim.o
    0x08003aee   0x08003aee   0x00000062   Code   RO         2787    i.HAL_TIM_PWM_Init  stm32g4xx_hal_tim.o
    0x08003b50   0x08003b50   0x00000078   Code   RO          400    i.HAL_TIM_PWM_MspInit  tim.o
    0x08003bc8   0x08003bc8   0x00000002   Code   RO         2790    i.HAL_TIM_PWM_PulseFinishedCallback  stm32g4xx_hal_tim.o
    0x08003bca   0x08003bca   0x00000002   PAD
    0x08003bcc   0x08003bcc   0x000000fc   Code   RO         2792    i.HAL_TIM_PWM_Start  stm32g4xx_hal_tim.o
    0x08003cc8   0x08003cc8   0x0000000e   Code   RO           15    i.HAL_TIM_PeriodElapsedCallback  main.o
    0x08003cd6   0x08003cd6   0x00000002   Code   RO         2803    i.HAL_TIM_TriggerCallback  stm32g4xx_hal_tim.o
    0x08003cd8   0x08003cd8   0x0000003e   Code   RO         4275    i.HAL_UARTEx_DisableFifoMode  stm32g4xx_hal_uart_ex.o
    0x08003d16   0x08003d16   0x00000002   Code   RO         3864    i.HAL_UARTEx_RxEventCallback  stm32g4xx_hal_uart.o
    0x08003d18   0x08003d18   0x00000002   Code   RO         4283    i.HAL_UARTEx_RxFifoFullCallback  stm32g4xx_hal_uart_ex.o
    0x08003d1a   0x08003d1a   0x0000004c   Code   RO         4284    i.HAL_UARTEx_SetRxFifoThreshold  stm32g4xx_hal_uart_ex.o
    0x08003d66   0x08003d66   0x0000004c   Code   RO         4285    i.HAL_UARTEx_SetTxFifoThreshold  stm32g4xx_hal_uart_ex.o
    0x08003db2   0x08003db2   0x00000002   Code   RO         4287    i.HAL_UARTEx_TxFifoEmptyCallback  stm32g4xx_hal_uart_ex.o
    0x08003db4   0x08003db4   0x00000002   Code   RO         4288    i.HAL_UARTEx_WakeupCallback  stm32g4xx_hal_uart_ex.o
    0x08003db6   0x08003db6   0x00000002   PAD
    0x08003db8   0x08003db8   0x00000028   Code   RO         5086    i.HAL_UART_ErrorCallback  vofa.o
    0x08003de0   0x08003de0   0x00000006   Code   RO         3881    i.HAL_UART_GetError  stm32g4xx_hal_uart.o
    0x08003de6   0x08003de6   0x00000002   PAD
    0x08003de8   0x08003de8   0x0000031c   Code   RO         3883    i.HAL_UART_IRQHandler  stm32g4xx_hal_uart.o
    0x08004104   0x08004104   0x0000006a   Code   RO         3884    i.HAL_UART_Init     stm32g4xx_hal_uart.o
    0x0800416e   0x0800416e   0x00000002   PAD
    0x08004170   0x08004170   0x000000bc   Code   RO          479    i.HAL_UART_MspInit  usart.o
    0x0800422c   0x0800422c   0x00000090   Code   RO         3894    i.HAL_UART_Transmit_DMA  stm32g4xx_hal_uart.o
    0x080042bc   0x080042bc   0x00000020   Code   RO         5087    i.HAL_UART_TxCpltCallback  vofa.o
    0x080042dc   0x080042dc   0x00000002   Code   RO         3897    i.HAL_UART_TxHalfCpltCallback  stm32g4xx_hal_uart.o
    0x080042de   0x080042de   0x00000002   Code   RO          524    i.HardFault_Handler  stm32g4xx_it.o
    0x080042e0   0x080042e0   0x00000014   Code   RO         5040    i.Key_ControlInit   key.o
    0x080042f4   0x080042f4   0x00000032   Code   RO         5041    i.Key_PressedEvent  key.o
    0x08004326   0x08004326   0x00000002   PAD
    0x08004328   0x08004328   0x00000034   Code   RO         5042    i.Key_SetTargetRPM  key.o
    0x0800435c   0x0800435c   0x00000084   Code   RO         5043    i.Key_Task          key.o
    0x080043e0   0x080043e0   0x0000000c   Code   RO          680    i.LL_ADC_GetOffsetChannel  stm32g4xx_hal_adc.o
    0x080043ec   0x080043ec   0x0000000c   Code   RO          913    i.LL_ADC_GetOffsetChannel  stm32g4xx_hal_adc_ex.o
    0x080043f8   0x080043f8   0x00000008   Code   RO          681    i.LL_ADC_INJ_IsConversionOngoing  stm32g4xx_hal_adc.o
    0x08004400   0x08004400   0x00000008   Code   RO          914    i.LL_ADC_INJ_IsConversionOngoing  stm32g4xx_hal_adc_ex.o
    0x08004408   0x08004408   0x00000008   Code   RO          682    i.LL_ADC_REG_IsConversionOngoing  stm32g4xx_hal_adc.o
    0x08004410   0x08004410   0x00000008   Code   RO          915    i.LL_ADC_REG_IsConversionOngoing  stm32g4xx_hal_adc_ex.o
    0x08004418   0x08004418   0x00000010   Code   RO          683    i.LL_ADC_REG_IsTriggerSourceSWStart  stm32g4xx_hal_adc.o
    0x08004428   0x08004428   0x0000001e   Code   RO          685    i.LL_ADC_SetChannelSamplingTime  stm32g4xx_hal_adc.o
    0x08004446   0x08004446   0x0000001e   Code   RO          916    i.LL_ADC_SetChannelSamplingTime  stm32g4xx_hal_adc_ex.o
    0x08004464   0x08004464   0x00000010   Code   RO          686    i.LL_ADC_SetOffsetState  stm32g4xx_hal_adc.o
    0x08004474   0x08004474   0x00000010   Code   RO          917    i.LL_ADC_SetOffsetState  stm32g4xx_hal_adc_ex.o
    0x08004484   0x08004484   0x00000002   Code   RO         4584    i.MOTOR_STATUS_ACCELERATING_Loop  sguan_motorstatus.o
    0x08004486   0x08004486   0x00000002   Code   RO         4585    i.MOTOR_STATUS_CALIBRATING_Loop  sguan_motorstatus.o
    0x08004488   0x08004488   0x00000002   Code   RO         4586    i.MOTOR_STATUS_CONST_SPEED_Loop  sguan_motorstatus.o
    0x0800448a   0x0800448a   0x00000002   Code   RO         4587    i.MOTOR_STATUS_DECELERATING_Loop  sguan_motorstatus.o
    0x0800448c   0x0800448c   0x00000002   Code   RO         4588    i.MOTOR_STATUS_DISABLED_Loop  sguan_motorstatus.o
    0x0800448e   0x0800448e   0x00000002   Code   RO         4589    i.MOTOR_STATUS_EMERGENCY_STOP_Loop  sguan_motorstatus.o
    0x08004490   0x08004490   0x00000002   Code   RO         4590    i.MOTOR_STATUS_ENCODER_ERROR_Loop  sguan_motorstatus.o
    0x08004492   0x08004492   0x00000002   Code   RO         4591    i.MOTOR_STATUS_IDLE_Loop  sguan_motorstatus.o
    0x08004494   0x08004494   0x00000002   Code   RO         4592    i.MOTOR_STATUS_INITIALIZING_Loop  sguan_motorstatus.o
    0x08004496   0x08004496   0x00000002   Code   RO         4593    i.MOTOR_STATUS_OVERCURRENT_Loop  sguan_motorstatus.o
    0x08004498   0x08004498   0x00000002   Code   RO         4594    i.MOTOR_STATUS_OVERTEMPERATURE_Loop  sguan_motorstatus.o
    0x0800449a   0x0800449a   0x00000002   Code   RO         4595    i.MOTOR_STATUS_OVERVOLTAGE_Loop  sguan_motorstatus.o
    0x0800449c   0x0800449c   0x00000002   Code   RO         4596    i.MOTOR_STATUS_POSITION_DECREASING_Loop  sguan_motorstatus.o
    0x0800449e   0x0800449e   0x00000002   Code   RO         4597    i.MOTOR_STATUS_POSITION_HOLD_Loop  sguan_motorstatus.o
    0x080044a0   0x080044a0   0x00000002   Code   RO         4598    i.MOTOR_STATUS_POSITION_INCREASING_Loop  sguan_motorstatus.o
    0x080044a2   0x080044a2   0x00000002   Code   RO         4599    i.MOTOR_STATUS_PWM_CALC_FAULT_Loop  sguan_motorstatus.o
    0x080044a4   0x080044a4   0x00000002   Code   RO         4600    i.MOTOR_STATUS_SENSOR_ERROR_Loop  sguan_motorstatus.o
    0x080044a6   0x080044a6   0x00000002   Code   RO         4601    i.MOTOR_STATUS_STANDBY_Loop  sguan_motorstatus.o
    0x080044a8   0x080044a8   0x00000002   Code   RO         4602    i.MOTOR_STATUS_TORQUE_CONTROL_Loop  sguan_motorstatus.o
    0x080044aa   0x080044aa   0x00000002   Code   RO         4603    i.MOTOR_STATUS_TORQUE_DECREASING_Loop  sguan_motorstatus.o
    0x080044ac   0x080044ac   0x00000002   Code   RO         4604    i.MOTOR_STATUS_TORQUE_INCREASING_Loop  sguan_motorstatus.o
    0x080044ae   0x080044ae   0x00000002   Code   RO         4605    i.MOTOR_STATUS_UNDERTEMPERATURE_Loop  sguan_motorstatus.o
    0x080044b0   0x080044b0   0x00000002   Code   RO         4606    i.MOTOR_STATUS_UNDERVOLTAGE_Loop  sguan_motorstatus.o
    0x080044b2   0x080044b2   0x00000002   Code   RO         4607    i.MOTOR_STATUS_UNINITIALIZED_Loop  sguan_motorstatus.o
    0x080044b4   0x080044b4   0x000000f0   Code   RO          269    i.MX_ADC1_Init      adc.o
    0x080045a4   0x080045a4   0x00000094   Code   RO          270    i.MX_ADC2_Init      adc.o
    0x08004638   0x08004638   0x0000003c   Code   RO          316    i.MX_DMA_Init       dma.o
    0x08004674   0x08004674   0x000000a8   Code   RO          243    i.MX_GPIO_Init      gpio.o
    0x0800471c   0x0800471c   0x00000034   Code   RO          342    i.MX_OPAMP1_Init    opamp.o
    0x08004750   0x08004750   0x00000034   Code   RO          343    i.MX_OPAMP2_Init    opamp.o
    0x08004784   0x08004784   0x00000034   Code   RO          344    i.MX_OPAMP3_Init    opamp.o
    0x080047b8   0x080047b8   0x0000011c   Code   RO          401    i.MX_TIM1_Init      tim.o
    0x080048d4   0x080048d4   0x00000068   Code   RO          402    i.MX_TIM2_Init      tim.o
    0x0800493c   0x0800493c   0x00000070   Code   RO          403    i.MX_TIM3_Init      tim.o
    0x080049ac   0x080049ac   0x00000068   Code   RO          480    i.MX_USART2_UART_Init  usart.o
    0x08004a14   0x08004a14   0x00000002   Code   RO          525    i.MemManage_Handler  stm32g4xx_it.o
    0x08004a16   0x08004a16   0x00000002   PAD
    0x08004a18   0x08004a18   0x00000018   Code   RO         4608    i.MotorStatus_Loop  sguan_motorstatus.o
    0x08004a30   0x08004a30   0x00000002   Code   RO          526    i.NMI_Handler       stm32g4xx_it.o
    0x08004a32   0x08004a32   0x00000002   PAD
    0x08004a34   0x08004a34   0x000000f0   Code   RO         4724    i.PID_Init          sguan_pid.o
    0x08004b24   0x08004b24   0x00000158   Code   RO         4725    i.PID_Loop          sguan_pid.o
    0x08004c7c   0x08004c7c   0x0000009c   Code   RO         4745    i.PLL_Init          sguan_pll.o
    0x08004d18   0x08004d18   0x000000d0   Code   RO         4746    i.PLL_Loop          sguan_pll.o
    0x08004de8   0x08004de8   0x00000002   Code   RO          527    i.PendSV_Handler    stm32g4xx_it.o
    0x08004dea   0x08004dea   0x00000012   Code   RO         4771    i.Printf_Init       sguan_printf.o
    0x08004dfc   0x08004dfc   0x00000002   Code   RO         4772    i.Printf_Loop       sguan_printf.o
    0x08004dfe   0x08004dfe   0x00000002   PAD
    0x08004e00   0x08004e00   0x00000014   Code   RO         4854    i.Printf_Normal_Loop  sguanfoc.o
    0x08004e14   0x08004e14   0x00000002   Code   RO          528    i.SVC_Handler       stm32g4xx_it.o
    0x08004e16   0x08004e16   0x00000002   PAD
    0x08004e18   0x08004e18   0x00000200   Code   RO         4491    i.SVPWM             sguan_math.o
    0x08005018   0x08005018   0x00000118   Code   RO         4855    i.SVPWM_Tick        sguanfoc.o
    0x08005130   0x08005130   0x000000b0   Code   RO         4856    i.SguanFOC_High_Loop  sguanfoc.o
    0x080051e0   0x080051e0   0x00000020   Code   RO         4857    i.SguanFOC_Low_Loop  sguanfoc.o
    0x08005200   0x08005200   0x00000040   Code   RO         4859    i.SguanFOC_main_Loop  sguanfoc.o
    0x08005240   0x08005240   0x000000f0   Code   RO         4860    i.Sguan_Calculate_Loop  sguanfoc.o
    0x08005330   0x08005330   0x00000074   Code   RO         4861    i.Sguan_GeneratePWM_Loop  sguanfoc.o
    0x080053a4   0x080053a4   0x0000001c   Code   RO         4862    i.Sguan_Positioning_Set  sguanfoc.o
    0x080053c0   0x080053c0   0x0000013c   Code   RO         4863    i.Sguan_Start_Tick  sguanfoc.o
    0x080054fc   0x080054fc   0x000000a0   Code   RO         4864    i.Sguan_SystemT_Set  sguanfoc.o
    0x0800559c   0x0800559c   0x00000168   Code   RO         4865    i.Status_RUN_Loop   sguanfoc.o
    0x08005704   0x08005704   0x0000020c   Code   RO         4866    i.Status_Switch_Loop  sguanfoc.o
    0x08005910   0x08005910   0x00000004   Code   RO          529    i.SysTick_Handler   stm32g4xx_it.o
    0x08005914   0x08005914   0x00000064   Code   RO           16    i.SystemClock_Config  main.o
    0x08005978   0x08005978   0x00000010   Code   RO         4394    i.SystemInit        system_stm32g4xx.o
    0x08005988   0x08005988   0x0000000c   Code   RO          530    i.TIM1_BRK_TIM15_IRQHandler  stm32g4xx_it.o
    0x08005994   0x08005994   0x0000000c   Code   RO          531    i.TIM2_IRQHandler   stm32g4xx_it.o
    0x080059a0   0x080059a0   0x000000b8   Code   RO         2805    i.TIM_Base_SetConfig  stm32g4xx_hal_tim.o
    0x08005a58   0x08005a58   0x0000001a   Code   RO         2806    i.TIM_CCxChannelCmd  stm32g4xx_hal_tim.o
    0x08005a72   0x08005a72   0x0000001a   Code   RO         3492    i.TIM_CCxNChannelCmd  stm32g4xx_hal_tim_ex.o
    0x08005a8c   0x08005a8c   0x00000014   Code   RO         2816    i.TIM_ETR_SetConfig  stm32g4xx_hal_tim.o
    0x08005aa0   0x08005aa0   0x00000014   Code   RO         2817    i.TIM_ITRx_SetConfig  stm32g4xx_hal_tim.o
    0x08005ab4   0x08005ab4   0x000000a4   Code   RO         2818    i.TIM_OC1_SetConfig  stm32g4xx_hal_tim.o
    0x08005b58   0x08005b58   0x00000094   Code   RO         2819    i.TIM_OC2_SetConfig  stm32g4xx_hal_tim.o
    0x08005bec   0x08005bec   0x00000094   Code   RO         2820    i.TIM_OC3_SetConfig  stm32g4xx_hal_tim.o
    0x08005c80   0x08005c80   0x00000094   Code   RO         2821    i.TIM_OC4_SetConfig  stm32g4xx_hal_tim.o
    0x08005d14   0x08005d14   0x00000070   Code   RO         2822    i.TIM_OC5_SetConfig  stm32g4xx_hal_tim.o
    0x08005d84   0x08005d84   0x00000070   Code   RO         2823    i.TIM_OC6_SetConfig  stm32g4xx_hal_tim.o
    0x08005df4   0x08005df4   0x0000005c   Code   RO         2825    i.TIM_TI1_ConfigInputStage  stm32g4xx_hal_tim.o
    0x08005e50   0x08005e50   0x00000040   Code   RO         2827    i.TIM_TI2_ConfigInputStage  stm32g4xx_hal_tim.o
    0x08005e90   0x08005e90   0x00000008   Code   RO         4867    i.Transfer_BPF_Loop  sguanfoc.o
    0x08005e98   0x08005e98   0x0000000c   Code   RO         4868    i.Transfer_PID_Loop  sguanfoc.o
    0x08005ea4   0x08005ea4   0x00000088   Code   RO         4869    i.Transfer_PLL_Loop  sguanfoc.o
    0x08005f2c   0x08005f2c   0x00000044   Code   RO         4289    i.UARTEx_SetNbDataToProcess  stm32g4xx_hal_uart_ex.o
    0x08005f70   0x08005f70   0x000000c8   Code   RO         3898    i.UART_AdvFeatureConfig  stm32g4xx_hal_uart.o
    0x08006038   0x08006038   0x000000ac   Code   RO         3899    i.UART_CheckIdleState  stm32g4xx_hal_uart.o
    0x080060e4   0x080060e4   0x0000000a   Code   RO         3900    i.UART_DMAAbortOnError  stm32g4xx_hal_uart.o
    0x080060ee   0x080060ee   0x00000044   Code   RO         3901    i.UART_DMAError     stm32g4xx_hal_uart.o
    0x08006132   0x08006132   0x00000042   Code   RO         3906    i.UART_DMATransmitCplt  stm32g4xx_hal_uart.o
    0x08006174   0x08006174   0x0000000a   Code   RO         3908    i.UART_DMATxHalfCplt  stm32g4xx_hal_uart.o
    0x0800617e   0x0800617e   0x00000002   PAD
    0x08006180   0x08006180   0x00000054   Code   RO         3910    i.UART_EndRxTransfer  stm32g4xx_hal_uart.o
    0x080061d4   0x080061d4   0x0000002e   Code   RO         3911    i.UART_EndTxTransfer  stm32g4xx_hal_uart.o
    0x08006202   0x08006202   0x00000002   PAD
    0x08006204   0x08006204   0x00000274   Code   RO         3916    i.UART_SetConfig    stm32g4xx_hal_uart.o
    0x08006478   0x08006478   0x00000094   Code   RO         3923    i.UART_WaitOnFlagUntilTimeout  stm32g4xx_hal_uart.o
    0x0800650c   0x0800650c   0x0000000c   Code   RO          532    i.USART2_IRQHandler  stm32g4xx_it.o
    0x08006518   0x08006518   0x00000002   Code   RO          533    i.UsageFault_Handler  stm32g4xx_it.o
    0x0800651a   0x0800651a   0x00000002   PAD
    0x0800651c   0x0800651c   0x0000002c   Code   RO         4870    i.User_Encoder_ReadRad  sguanfoc.o
    0x08006548   0x08006548   0x000000b8   Code   RO         4871    i.User_InitialInit  sguanfoc.o
    0x08006600   0x08006600   0x000000e8   Code   RO         4872    i.User_MotorSet     sguanfoc.o
    0x080066e8   0x080066e8   0x00000148   Code   RO         4873    i.User_ParameterSet  sguanfoc.o
    0x08006830   0x08006830   0x0000001c   Code   RO         4874    i.User_ReadADC_Raw  sguanfoc.o
    0x0800684c   0x0800684c   0x00000080   Code   RO         4875    i.User_UserTX       sguanfoc.o
    0x080068cc   0x080068cc   0x0000001c   Code   RO         5088    i.VOFA_Init         vofa.o
    0x080068e8   0x080068e8   0x000000a8   Code   RO         5089    i.VOFA_SendFrame    vofa.o
    0x08006990   0x08006990   0x00000020   Code   RO         5090    i.VOFA_Task         vofa.o
    0x080069b0   0x080069b0   0x00000020   Code   RO         4492    i.Value_Limit       sguan_math.o
    0x080069d0   0x080069d0   0x0000000e   Code   RO         4493    i.Value_fabsf       sguan_math.o
    0x080069de   0x080069de   0x0000001a   Code   RO         4494    i.Value_isinf       sguan_math.o
    0x080069f8   0x080069f8   0x0000001a   Code   RO         4495    i.Value_isnan       sguan_math.o
    0x08006a12   0x08006a12   0x00000002   PAD
    0x08006a14   0x08006a14   0x00000044   Code   RO         4496    i.Value_normalize   sguan_math.o
    0x08006a58   0x08006a58   0x00000040   Code   RO         4497    i.Value_sqrtf       sguan_math.o
    0x08006a98   0x08006a98   0x00000020   Code   RO         2475    i.__NVIC_SetPriority  stm32g4xx_hal_cortex.o
    0x08006ab8   0x08006ab8   0x00000002   Code   RO         4773    i._sys_exit         sguan_printf.o
    0x08006aba   0x08006aba   0x00000002   PAD
    0x08006abc   0x08006abc   0x00000020   Code   RO         4498    i.clarke            sguan_math.o
    0x08006adc   0x08006adc   0x0000004c   Code   RO         4499    i.f1                sguan_math.o
    0x08006b28   0x08006b28   0x0000004c   Code   RO         4500    i.f2                sguan_math.o
    0x08006b74   0x08006b74   0x00000080   Code   RO         4503    i.fast_sin_cos      sguan_math.o
    0x08006bf4   0x08006bf4   0x0000001a   Code   RO         4504    i.ipark             sguan_math.o
    0x08006c0e   0x08006c0e   0x00000002   PAD
    0x08006c10   0x08006c10   0x00000058   Code   RO           17    i.main              main.o
    0x08006c68   0x08006c68   0x0000001a   Code   RO         4505    i.park              sguan_math.o
    0x08006c82   0x08006c82   0x00000002   PAD
    0x08006c84   0x08006c84   0x00000062   Code   RO         5155    x$fpl$d2f           fz_wm.l(d2f.o)
    0x08006ce6   0x08006ce6   0x00000002   PAD
    0x08006ce8   0x08006ce8   0x00000150   Code   RO         5157    x$fpl$dadd          fz_wm.l(daddsub_clz.o)
    0x08006e38   0x08006e38   0x00000018   Code   RO         5180    x$fpl$dcmpinf       fz_wm.l(dcmpi.o)
    0x08006e50   0x08006e50   0x00000078   Code   RO         5163    x$fpl$deqf          fz_wm.l(deqf.o)
    0x08006ec8   0x08006ec8   0x00000078   Code   RO         5165    x$fpl$dleqf         fz_wm.l(dleqf.o)
    0x08006f40   0x08006f40   0x00000154   Code   RO         5167    x$fpl$dmul          fz_wm.l(dmul.o)
    0x08007094   0x08007094   0x0000009c   Code   RO         5182    x$fpl$dnaninf       fz_wm.l(dnaninf.o)
    0x08007130   0x08007130   0x0000000c   Code   RO         5184    x$fpl$dretinf       fz_wm.l(dretinf.o)
    0x0800713c   0x0800713c   0x0000006c   Code   RO         5169    x$fpl$drleqf        fz_wm.l(drleqf.o)
    0x080071a8   0x080071a8   0x000001d4   Code   RO         5159    x$fpl$dsub          fz_wm.l(daddsub_clz.o)
    0x0800737c   0x0800737c   0x00000056   Code   RO         5171    x$fpl$f2d           fz_wm.l(f2d.o)
    0x080073d2   0x080073d2   0x0000008c   Code   RO         5186    x$fpl$fnaninf       fz_wm.l(fnaninf.o)
    0x0800745e   0x0800745e   0x0000000a   Code   RO         5291    x$fpl$fpinit        fz_wm.l(fpinit.o)
    0x08007468   0x08007468   0x0000000a   Code   RO         5188    x$fpl$fretinf       fz_wm.l(fretinf.o)
    0x08007472   0x08007472   0x00000000   Code   RO         5190    x$fpl$usenofp       fz_wm.l(usenofp.o)
    0x08007472   0x08007472   0x00000018   Data   RO         3924    .constdata          stm32g4xx_hal_uart.o
    0x0800748a   0x0800748a   0x00000010   Data   RO         4290    .constdata          stm32g4xx_hal_uart_ex.o
    0x0800749a   0x0800749a   0x00000010   Data   RO         4395    .constdata          system_stm32g4xx.o
    0x080074aa   0x080074aa   0x00000008   Data   RO         4396    .constdata          system_stm32g4xx.o
    0x080074b2   0x080074b2   0x00000002   PAD
    0x080074b4   0x080074b4   0x00000068   Data   RO         4506    .constdata          sguan_math.o
    0x0800751c   0x0800751c   0x00000060   Data   RO         4609    .constdata          sguan_motorstatus.o
    0x0800757c   0x0800757c   0x00000010   Data   RO         4877    .constdata          sguanfoc.o
    0x0800758c   0x0800758c   0x00000020   Data   RO         5345    Region$$Table       anon$$obj.o


    Execution Region RW_IRAM1 (Exec base: 0x20000000, Load base: 0x080075ac, Size: 0x00000e70, Max: 0x00008000, ABSOLUTE)

    Exec Addr    Load Addr    Size         Type   Attr      Idx    E Section Name        Object

    0x20000000   0x080075ac   0x00000004   Data   RW          272    .data               adc.o
    0x20000004   0x080075b0   0x0000000c   Data   RW         1135    .data               stm32g4xx_hal.o
    0x20000010   0x080075bc   0x00000004   Data   RW         4397    .data               system_stm32g4xx.o
    0x20000014   0x080075c0   0x0000000c   Data   RW         4878    .data               sguanfoc.o
    0x20000020   0x080075cc   0x00000018   Data   RW         5044    .data               key.o
    0x20000038   0x080075e4   0x00000014   Data   RW         5092    .data               vofa.o
    0x2000004c        -       0x000000d8   Zero   RW          271    .bss                adc.o
    0x20000124        -       0x000000b4   Zero   RW          345    .bss                opamp.o
    0x200001d8        -       0x000000e4   Zero   RW          404    .bss                tim.o
    0x200002bc        -       0x000000f4   Zero   RW          481    .bss                usart.o
    0x200003b0        -       0x00000438   Zero   RW         4876    .bss                sguanfoc.o
    0x200007e8        -       0x00000024   Zero   RW         5091    .bss                vofa.o
    0x2000080c        -       0x00000060   Zero   RW         5223    .bss                c_w.l(libspace.o)
    0x2000086c   0x080075f8   0x00000004   PAD
    0x20000870        -       0x00000200   Zero   RW            2    HEAP                startup_stm32g431xx.o
    0x20000a70        -       0x00000400   Zero   RW            1    STACK               startup_stm32g431xx.o


==============================================================================

Image component sizes


      Code (inc. data)   RO Data    RW Data    ZI Data      Debug   Object Name

       628         50          0          4        216       2666   adc.o
        60          4          0          0          0        754   dma.o
       168         18          0          0          0        939   gpio.o
       254         32          0         24          0       2731   key.o
       234         12          0          0          0     686874   main.o
       304         44          0          0        180       2769   opamp.o
       484         42          0          0          0       2222   sguan_filter.o
      1106         92        104          0          0       9323   sguan_math.o
        72          4         96          0          0      12043   sguan_motorstatus.o
       584         30          0          0          0       2270   sguan_pid.o
       364         28          0          0          0       1930   sguan_pll.o
        22          0          0          0          0       2184   sguan_printf.o
      4220        328         16         12       1080      22029   sguanfoc.o
        64         26        472          0       1536        816   startup_stm32g431xx.o
       162         24          0         12          0       4117   stm32g4xx_hal.o
      2560        120          0          0          0      79149   stm32g4xx_hal_adc.o
      2278        100          0          0          0      78942   stm32g4xx_hal_adc_ex.o
       198         14          0          0          0      33679   stm32g4xx_hal_cortex.o
       928         30          0          0          0       6430   stm32g4xx_hal_dma.o
       574         32          0          0          0       2223   stm32g4xx_hal_gpio.o
        48          6          0          0          0        810   stm32g4xx_hal_msp.o
       288          8          0          0          0       2375   stm32g4xx_hal_opamp.o
       204         18          0          0          0       1345   stm32g4xx_hal_pwr_ex.o
      1684         88          0          0          0       6116   stm32g4xx_hal_rcc.o
       648         10          0          0          0       1840   stm32g4xx_hal_rcc_ex.o
      3090        294          0          0          0      19467   stm32g4xx_hal_tim.o
       738         58          0          0          0       8696   stm32g4xx_hal_tim_ex.o
      2488         98         24          0          0      32303   stm32g4xx_hal_uart.o
       288          6         16          0          0       5146   stm32g4xx_hal_uart_ex.o
        96         34          0          0          0       6167   stm32g4xx_it.o
        16          4         24          4          0       1043   system_stm32g4xx.o
       920         70          0          0        228       5062   tim.o
       292         30          0          0        244       1769   usart.o
       300         54          0         20         36       3419   vofa.o

    ----------------------------------------------------------------------
     26416       1808        786         76       3520    1049648   Object Totals
         0          0         32          0          0          0   (incl. Generated)
        52          0          2          0          0          0   (incl. Padding)

    ----------------------------------------------------------------------

      Code (inc. data)   RO Data    RW Data    ZI Data      Debug   Library Member Name

         8          0          0          0          0         68   __main.o
         0          0          0          0          0          0   __rtentry.o
        12          0          0          0          0          0   __rtentry2.o
         6          0          0          0          0          0   __rtentry4.o
        52          8          0          0          0          0   __scatter.o
        26          0          0          0          0          0   __scatter_copy.o
        28          0          0          0          0          0   __scatter_zi.o
        18          0          0          0          0         80   exit.o
         6          0          0          0          0        152   heapauxi.o
         2          0          0          0          0          0   libinit.o
         6          0          0          0          0          0   libinit2.o
         2          0          0          0          0          0   libshutdown.o
         2          0          0          0          0          0   libshutdown2.o
         8          4          0          0         96         68   libspace.o
       238          0          0          0          0        100   lludivv7m.o
        68          0          0          0          0         68   rt_memclr.o
        78          0          0          0          0         80   rt_memclr_w.o
       138          0          0          0          0         68   rt_memcpy_v6.o
       100          0          0          0          0         80   rt_memcpy_w.o
         2          0          0          0          0          0   rtexit.o
        10          0          0          0          0          0   rtexit2.o
        74          0          0          0          0         80   sys_stackheap_outer.o
         2          0          0          0          0         68   use_no_semi.o
         2          0          0          0          0         68   use_no_semi_2.o
        98          4          0          0          0        140   d2f.o
       804         16          0          0          0        368   daddsub_clz.o
        24          0          0          0          0        116   dcmpi.o
       120          4          0          0          0        140   deqf.o
       120          4          0          0          0        140   dleqf.o
       340         12          0          0          0        152   dmul.o
       156          4          0          0          0        140   dnaninf.o
        12          0          0          0          0        116   dretinf.o
       108          0          0          0          0        128   drleqf.o
        86          4          0          0          0        132   f2d.o
       140          4          0          0          0        132   fnaninf.o
        10          0          0          0          0        116   fpinit.o
        10          0          0          0          0        116   fretinf.o
         0          0          0          0          0          0   usenofp.o

    ----------------------------------------------------------------------
      2922         64          0          0        100       2916   Library Totals
         6          0          0          0          4          0   (incl. Padding)

    ----------------------------------------------------------------------

      Code (inc. data)   RO Data    RW Data    ZI Data      Debug   Library Name

       888         12          0          0         96        980   c_w.l
      2028         52          0          0          0       1936   fz_wm.l

    ----------------------------------------------------------------------
      2922         64          0          0        100       2916   Library Totals

    ----------------------------------------------------------------------

==============================================================================


      Code (inc. data)   RO Data    RW Data    ZI Data      Debug   

     29338       1872        786         76       3620    1028148   Grand Totals
     29338       1872        786         76       3620    1028148   ELF Image Totals
     29338       1872        786         76          0          0   ROM Totals

==============================================================================

    Total RO  Size (Code + RO Data)                30124 (  29.42kB)
    Total RW  Size (RW Data + ZI Data)              3696 (   3.61kB)
    Total ROM Size (Code + RO Data + RW Data)      30200 (  29.49kB)

==============================================================================

